Archive member included because of file (symbol)

/usr/sourcery-g++-lite-arm-eabi-2010.09.51-i686-1/arm-none-eabi/lib/thumb2/libc.a(lib_a-atoi.o)
                              main.o (atoi)
/usr/sourcery-g++-lite-arm-eabi-2010.09.51-i686-1/arm-none-eabi/lib/thumb2/libc.a(lib_a-strcat.o)
                              lcd.o (strcat)
/usr/sourcery-g++-lite-arm-eabi-2010.09.51-i686-1/arm-none-eabi/lib/thumb2/libc.a(lib_a-strcpy.o)
                              /usr/sourcery-g++-lite-arm-eabi-2010.09.51-i686-1/arm-none-eabi/lib/thumb2/libc.a(lib_a-strcat.o) (strcpy)
/usr/sourcery-g++-lite-arm-eabi-2010.09.51-i686-1/arm-none-eabi/lib/thumb2/libc.a(lib_a-strlen.o)
                              lcd.o (strlen)
/usr/sourcery-g++-lite-arm-eabi-2010.09.51-i686-1/arm-none-eabi/lib/thumb2/libc.a(lib_a-strtol.o)
                              /usr/sourcery-g++-lite-arm-eabi-2010.09.51-i686-1/arm-none-eabi/lib/thumb2/libc.a(lib_a-atoi.o) (_strtol_r)
/usr/sourcery-g++-lite-arm-eabi-2010.09.51-i686-1/arm-none-eabi/lib/thumb2/libc.a(lib_a-vsnprintf.o)
                              debug.o (vsnprintf)
/usr/sourcery-g++-lite-arm-eabi-2010.09.51-i686-1/arm-none-eabi/lib/thumb2/libc.a(lib_a-ctype_.o)
                              /usr/sourcery-g++-lite-arm-eabi-2010.09.51-i686-1/arm-none-eabi/lib/thumb2/libc.a(lib_a-strtol.o) (__ctype_ptr__)
/usr/sourcery-g++-lite-arm-eabi-2010.09.51-i686-1/arm-none-eabi/lib/thumb2/libc.a(lib_a-impure.o)
                              /usr/sourcery-g++-lite-arm-eabi-2010.09.51-i686-1/arm-none-eabi/lib/thumb2/libc.a(lib_a-strtol.o) (_impure_ptr)
/usr/sourcery-g++-lite-arm-eabi-2010.09.51-i686-1/arm-none-eabi/lib/thumb2/libc.a(lib_a-svfprintf.o)
                              /usr/sourcery-g++-lite-arm-eabi-2010.09.51-i686-1/arm-none-eabi/lib/thumb2/libc.a(lib_a-vsnprintf.o) (_svfprintf_r)
/usr/sourcery-g++-lite-arm-eabi-2010.09.51-i686-1/arm-none-eabi/lib/thumb2/libc.a(lib_a-dtoa.o)
                              /usr/sourcery-g++-lite-arm-eabi-2010.09.51-i686-1/arm-none-eabi/lib/thumb2/libc.a(lib_a-svfprintf.o) (_dtoa_r)
/usr/sourcery-g++-lite-arm-eabi-2010.09.51-i686-1/arm-none-eabi/lib/thumb2/libc.a(lib_a-locale.o)
                              /usr/sourcery-g++-lite-arm-eabi-2010.09.51-i686-1/arm-none-eabi/lib/thumb2/libc.a(lib_a-svfprintf.o) (_localeconv_r)
/usr/sourcery-g++-lite-arm-eabi-2010.09.51-i686-1/arm-none-eabi/lib/thumb2/libc.a(lib_a-malloc.o)
                              /usr/sourcery-g++-lite-arm-eabi-2010.09.51-i686-1/arm-none-eabi/lib/thumb2/libc.a(lib_a-dtoa.o) (malloc)
/usr/sourcery-g++-lite-arm-eabi-2010.09.51-i686-1/arm-none-eabi/lib/thumb2/libc.a(lib_a-mallocr.o)
                              /usr/sourcery-g++-lite-arm-eabi-2010.09.51-i686-1/arm-none-eabi/lib/thumb2/libc.a(lib_a-svfprintf.o) (_malloc_r)
/usr/sourcery-g++-lite-arm-eabi-2010.09.51-i686-1/arm-none-eabi/lib/thumb2/libc.a(lib_a-memchr.o)
                              /usr/sourcery-g++-lite-arm-eabi-2010.09.51-i686-1/arm-none-eabi/lib/thumb2/libc.a(lib_a-svfprintf.o) (memchr)
/usr/sourcery-g++-lite-arm-eabi-2010.09.51-i686-1/arm-none-eabi/lib/thumb2/libc.a(lib_a-memcpy.o)
                              /usr/sourcery-g++-lite-arm-eabi-2010.09.51-i686-1/arm-none-eabi/lib/thumb2/libc.a(lib_a-dtoa.o) (memcpy)
/usr/sourcery-g++-lite-arm-eabi-2010.09.51-i686-1/arm-none-eabi/lib/thumb2/libc.a(lib_a-mlock.o)
                              /usr/sourcery-g++-lite-arm-eabi-2010.09.51-i686-1/arm-none-eabi/lib/thumb2/libc.a(lib_a-mallocr.o) (__malloc_lock)
/usr/sourcery-g++-lite-arm-eabi-2010.09.51-i686-1/arm-none-eabi/lib/thumb2/libc.a(lib_a-mprec.o)
                              /usr/sourcery-g++-lite-arm-eabi-2010.09.51-i686-1/arm-none-eabi/lib/thumb2/libc.a(lib_a-dtoa.o) (_Balloc)
/usr/sourcery-g++-lite-arm-eabi-2010.09.51-i686-1/arm-none-eabi/lib/thumb2/libc.a(lib_a-s_fpclassify.o)
                              /usr/sourcery-g++-lite-arm-eabi-2010.09.51-i686-1/arm-none-eabi/lib/thumb2/libc.a(lib_a-svfprintf.o) (__fpclassifyd)
/usr/sourcery-g++-lite-arm-eabi-2010.09.51-i686-1/arm-none-eabi/lib/thumb2/libc.a(lib_a-sbrkr.o)
                              /usr/sourcery-g++-lite-arm-eabi-2010.09.51-i686-1/arm-none-eabi/lib/thumb2/libc.a(lib_a-mallocr.o) (_sbrk_r)
/usr/sourcery-g++-lite-arm-eabi-2010.09.51-i686-1/arm-none-eabi/lib/thumb2/libc.a(lib_a-strcmp.o)
                              /usr/sourcery-g++-lite-arm-eabi-2010.09.51-i686-1/arm-none-eabi/lib/thumb2/libc.a(lib_a-locale.o) (strcmp)
/usr/sourcery-g++-lite-arm-eabi-2010.09.51-i686-1/arm-none-eabi/lib/thumb2/libc.a(lib_a-svfiprintf.o)
                              /usr/sourcery-g++-lite-arm-eabi-2010.09.51-i686-1/arm-none-eabi/lib/thumb2/libc.a(lib_a-svfprintf.o) (__ssprint_r)
/usr/sourcery-g++-lite-arm-eabi-2010.09.51-i686-1/arm-none-eabi/lib/thumb2/libc.a(lib_a-callocr.o)
                              /usr/sourcery-g++-lite-arm-eabi-2010.09.51-i686-1/arm-none-eabi/lib/thumb2/libc.a(lib_a-mprec.o) (_calloc_r)
[...]
Memory Configuration

Name             Origin             Length             Attributes
rom              0x00000000         0x00080000         xr
ram              0x10000000         0x00008000         xrw
ram1             0x2007c000         0x00004000         xrw
ram2             0x20080000         0x00004000         xrw
*default*        0x00000000         0xffffffff

Linker script and memory map

LOAD /usr/sourcery-g++-lite-arm-eabi-2010.09.51-i686-1/bin/../lib/gcc/arm-none-eabi/4.5.1/thumb2/crti.o
LOAD /usr/sourcery-g++-lite-arm-eabi-2010.09.51-i686-1/bin/../lib/gcc/arm-none-eabi/4.5.1/thumb2/crtbegin.o
LOAD main.o
LOAD debug.o
LOAD uart.o
LOAD ir.o
LOAD lcd.o
LOAD gpio.o
LOAD led.o
LOAD motor.o
LOAD delay.o
LOAD line_sensors.o
LOAD utilities.o
LOAD mouse.o
LOAD coordinate.o
LOAD advanced_movement.o
LOAD rit.o
LOAD pid.o
LOAD line_follow.o
LOAD common.o
LOAD odometry.o
LOAD usbmouse/KeyboardHost.o
LOAD /usr/lpc1700-cmsis-lite-2011.01.26-i686-1/lib/core_cm3.o
LOAD /usr/lpc1700-cmsis-lite-2011.01.26-i686-1/lib/system_LPC17xx.o
LOAD /usr/lpc1700-cmsis-lite-2011.01.26-i686-1/lib/startup_LPC17xx.o
START GROUP
LOAD /usr/sourcery-g++-lite-arm-eabi-2010.09.51-i686-1/arm-none-eabi/lib/thumb2/libc.a
LOAD /usr/sourcery-g++-lite-arm-eabi-2010.09.51-i686-1/arm-none-eabi/lib/thumb2/libg.a
LOAD /usr/sourcery-g++-lite-arm-eabi-2010.09.51-i686-1/bin/../lib/gcc/arm-none-eabi/4.5.1/thumb2/libgcc.a
LOAD /usr/sourcery-g++-lite-arm-eabi-2010.09.51-i686-1/arm-none-eabi/lib/thumb2/libm.a
END GROUP
START GROUP
LOAD /usr/sourcery-g++-lite-arm-eabi-2010.09.51-i686-1/bin/../lib/gcc/arm-none-eabi/4.5.1/thumb2/libgcc.a
LOAD /usr/sourcery-g++-lite-arm-eabi-2010.09.51-i686-1/arm-none-eabi/lib/thumb2/libc.a
LOAD /usr/sourcery-g++-lite-arm-eabi-2010.09.51-i686-1/arm-none-eabi/lib/thumb2/libcs3.a
LOAD /usr/sourcery-g++-lite-arm-eabi-2010.09.51-i686-1/arm-none-eabi/lib/thumb2/libcs3unhosted.a
LOAD /usr/sourcery-g++-lite-arm-eabi-2010.09.51-i686-1/arm-none-eabi/lib/thumb2/libcs3micro.a
END GROUP
                0x10008000                PROVIDE (__cs3_stack, (__cs3_region_start_ram + __cs3_region_size_ram))
                0x00006358                PROVIDE (__cs3_stack_size, ((__cs3_region_start_ram + __cs3_region_size_ram) - _end))
                0x10001ca8                PROVIDE (__cs3_heap_start, _end)
                0x10008000                PROVIDE (__cs3_heap_end, (__cs3_region_start_ram + __cs3_region_size_ram))

.text           0x00000000    0x1674c
 CREATE_OBJECT_SYMBOLS
                0x00000000                __cs3_region_start_rom = .
 *(.cs3.region-head.rom)
                0x00000000                __cs3_interrupt_vector = __cs3_interrupt_vector_cortex_m
 *(.cs3.interrupt_vector)
 .cs3.interrupt_vector
                0x00000000       0xcc /usr/lpc1700-cmsis-lite-2011.01.26-i686-1/lib/startup_LPC17xx.o
                0x00000000                __cs3_interrupt_vector_cortex_m
                0x00000001                ASSERT ((. != __cs3_interrupt_vector_cortex_m), No interrupt vector)
 *(.rom)
 *(.rom.b)
                0x000000cc                __cs3_reset = __cs3_reset_cortex_m
 *(.cs3.reset)
 .cs3.reset     0x000000cc       0x10 /usr/lpc1700-cmsis-lite-2011.01.26-i686-1/lib/startup_LPC17xx.o
                0x000000cc                __cs3_reset_cortex_m
                0x00000001                ASSERT ((. != __cs3_reset), No reset code)
 *(.text .text.* .gnu.linkonce.t.*)
 .text          0x000000dc        0x0 /usr/sourcery-g++-lite-arm-eabi-2010.09.51-i686-1/bin/../lib/gcc/arm-none-eabi/4.5.1/thumb2/crti.o
 .text          0x000000dc       0x30 /usr/sourcery-g++-lite-arm-eabi-2010.09.51-i686-1/bin/../lib/gcc/arm-none-eabi/4.5.1/thumb2/crtbegin.o
 .text          0x0000010c        0x0 main.o
 .text.RIT_IRQHandler
                0x0000010c       0x9c main.o
                0x0000010c                RIT_IRQHandler
 .text.main     0x000001a8      0x35c main.o
                0x000001a8                main
 .text.init     0x00000504       0x30 main.o
                0x00000504                init
 .text          0x00000534        0x0 debug.o
 .text.dbg_printf
                0x00000534       0x60 debug.o
                0x00000534                dbg_printf
 .text.lcd_print_coordinate
                0x00000594       0x50 debug.o
                0x00000594                lcd_print_coordinate
 .text.dbg_print_coordinate
                0x000005e4       0x60 debug.o
                0x000005e4                dbg_print_coordinate
 .text          0x00000644        0x0 uart.o
 .text.uart_init
                0x00000644       0x94 uart.o
                0x00000644                uart_init
 .text.uart_send_blk
                0x000006d8       0x2c uart.o
                0x000006d8                uart_send_blk
 .text.uart_recv_blk
                0x00000704       0x2c uart.o
                0x00000704                uart_recv_blk
 .text.uart_send_nblk
                0x00000730       0x2c uart.o
                0x00000730                uart_send_nblk
 .text.uart_recv_nblk
                0x0000075c       0x2c uart.o
                0x0000075c                uart_recv_nblk
 .text.uart_send_byte
                0x00000788       0x24 uart.o
                0x00000788                uart_send_byte
 .text.uart_recv_byte
                0x000007ac       0x18 uart.o
                0x000007ac                uart_recv_byte
 .text          0x000007c4        0x0 ir.o
 .text.ir_init  0x000007c4       0xb8 ir.o
                0x000007c4                ir_init
 *fill*         0x0000087c        0x4 00
 .text.ir_read  0x00000880      0x130 ir.o
                0x00000880                ir_read
 .text          0x000009b0        0x0 lcd.o
 .text.lcd_printf
                0x000009b0       0xb4 lcd.o
                0x000009b0                lcd_printf
 .text.lcd_init
                0x00000a64       0x2c lcd.o
                0x00000a64                lcd_init
 .text.lcd_clear
                0x00000a90       0x38 lcd.o
                0x00000a90                lcd_clear
 .text.lcd_goto
                0x00000ac8       0x54 lcd.o
                0x00000ac8                lcd_goto
 .text.lcd_next_line
                0x00000b1c       0x68 lcd.o
                0x00000b1c                lcd_next_line
 .text          0x00000b84        0x0 gpio.o
 .text.NVIC_EnableIRQ
                0x00000b84       0x38 gpio.o
 .text.NVIC_DisableIRQ
                0x00000bbc       0x3c gpio.o
 .text.gpio_init
                0x00000bf8       0x48 gpio.o
                0x00000bf8                gpio_init
 .text.gpio_collision_read
                0x00000c40       0x24 gpio.o
                0x00000c40                gpio_collision_read
 .text.gpio_button_read
                0x00000c64       0x24 gpio.o
                0x00000c64                gpio_button_read
 .text.EINT3_IRQHandler
                0x00000c88       0xf4 gpio.o
                0x00000c88                EINT3_IRQHandler
 .text.gpio_int_enable
                0x00000d7c       0x44 gpio.o
                0x00000d7c                gpio_int_enable
 .text.gpio_int_disable
                0x00000dc0       0x10 gpio.o
                0x00000dc0                gpio_int_disable
 .text.gpio_button_wait
                0x00000dd0       0x24 gpio.o
                0x00000dd0                gpio_button_wait
 .text.gpio_collision_wait
                0x00000df4       0x24 gpio.o
                0x00000df4                gpio_collision_wait
 .text          0x00000e18        0x0 led.o
 .text.led_init
                0x00000e18       0x18 led.o
                0x00000e18                led_init
 .text.led_set  0x00000e30       0x28 led.o
                0x00000e30                led_set
 .text.led_on   0x00000e58       0x1c led.o
                0x00000e58                led_on
 .text.led_off  0x00000e74       0x1c led.o
                0x00000e74                led_off
 .text          0x00000e90        0x0 motor.o
 .text.motor_bias_set
                0x00000e90       0x78 motor.o
                0x00000e90                motor_bias_set
 .text.motor_bias_disable_all
                0x00000f08       0x28 motor.o
                0x00000f08                motor_bias_disable_all
 .text.motor_bias_reset_all
                0x00000f30       0x2c motor.o
                0x00000f30                motor_bias_reset_all
 .text.internal_motor_send
                0x00000f5c      0x140 motor.o
                0x00000f5c                internal_motor_send
 *fill*         0x0000109c        0x4 00
 .text.internal_motor_rotate
                0x000010a0      0x218 motor.o
 .text.internal_limiter
                0x000012b8       0x48 motor.o
 .text.motor_set
                0x00001300       0x28 motor.o
                0x00001300                motor_set
 .text.motor_read
                0x00001328       0x38 motor.o
                0x00001328                motor_read
 .text.motors_stop
                0x00001360       0x20 motor.o
                0x00001360                motors_stop
 .text.motors_move
                0x00001380       0x2c motor.o
                0x00001380                motors_move
 .text.motor_rot_rel
                0x000013ac       0x1c motor.o
                0x000013ac                motor_rot_rel
 .text.motor_rot_abs
                0x000013c8      0x110 motor.o
                0x000013c8                motor_rot_abs
 .text.motor_angle_rest
                0x000014d8       0x18 motor.o
                0x000014d8                motor_angle_rest
 .text.motor_angle_sync
                0x000014f0       0x20 motor.o
                0x000014f0                motor_angle_sync
 .text.motor_angle
                0x00001510       0x18 motor.o
                0x00001510                motor_angle
 .text          0x00001528        0x0 delay.o
 .text.delay_init
                0x00001528       0x68 delay.o
 .text.delay_start
                0x00001590       0x80 delay.o
                0x00001590                delay_start
 .text.delay_music
                0x00001610       0x94 delay.o
                0x00001610                delay_music
 .text          0x000016a4        0x0 line_sensors.o
 .text.line_read
                0x000016a4       0x28 line_sensors.o
                0x000016a4                line_read
 .text.line_read_raw
                0x000016cc       0x28 line_sensors.o
                0x000016cc                line_read_raw
 .text.line_read_position
                0x000016f4       0x30 line_sensors.o
                0x000016f4                line_read_position
 .text.line_calibration_reset
                0x00001724       0x10 line_sensors.o
                0x00001724                line_calibration_reset
 .text.line_calibrate_read
                0x00001734       0x28 line_sensors.o
                0x00001734                line_calibrate_read
 .text.line_autocalibrate
                0x0000175c       0x38 line_sensors.o
                0x0000175c                line_autocalibrate
 .text.line_detect
                0x00001794       0x2c line_sensors.o
                0x00001794                line_detect
 .text          0x000017c0        0x0 utilities.o
 .text.request_sig
                0x000017c0       0x2c utilities.o
                0x000017c0                request_sig
 .text.read_trimpot
                0x000017ec       0x38 utilities.o
                0x000017ec                read_trimpot
 .text.read_battery
                0x00001824       0x38 utilities.o
                0x00001824                read_battery
 .text.play_music
                0x0000185c      0x140 utilities.o
                0x0000185c                play_music
 .text          0x0000199c        0x0 mouse.o
 .text.NVIC_EnableIRQ
                0x0000199c       0x38 mouse.o
 .text.NVIC_SetPriority
                0x000019d4       0x5c mouse.o
 .text.mouse_timer_init
                0x00001a30       0x8c mouse.o
 .text.TIMER2_IRQHandler
                0x00001abc       0x2c mouse.o
                0x00001abc                TIMER2_IRQHandler
 .text.mouse_callback
                0x00001ae8       0xe8 mouse.o
                0x00001ae8                mouse_callback
 .text.mouse_attach
                0x00001bd0       0x14 mouse.o
                0x00001bd0                mouse_attach
 .text.mouse_detach
                0x00001be4       0x14 mouse.o
                0x00001be4                mouse_detach
 .text.mouse_setup
                0x00001bf8       0x2c mouse.o
                0x00001bf8                mouse_setup
 .text          0x00001c24        0x0 coordinate.o
 .text.coordinate_angle_set
                0x00001c24       0x38 coordinate.o
                0x00001c24                coordinate_angle_set
 .text.coordinate_clear
                0x00001c5c       0x34 coordinate.o
                0x00001c5c                coordinate_clear
 .text.coordinate_update
                0x00001c90      0x2e0 coordinate.o
                0x00001c90                coordinate_update
 .text.coordinate_read
                0x00001f70       0x20 coordinate.o
                0x00001f70                coordinate_read
 .text.distance_clear
                0x00001f90       0x1c coordinate.o
                0x00001f90                distance_clear
 .text.distance_read
                0x00001fac       0x18 coordinate.o
                0x00001fac                distance_read
 .text          0x00001fc4        0x0 advanced_movement.o
 .text.adv_rpm_update
                0x00001fc4       0x30 advanced_movement.o
                0x00001fc4                adv_rpm_update
 .text.adv_angle_update
                0x00001ff4       0x20 advanced_movement.o
                0x00001ff4                adv_angle_update
 .text.adv_exit
                0x00002014       0x18 advanced_movement.o
                0x00002014                adv_exit
 .text.adv_travel
                0x0000202c       0x70 advanced_movement.o
                0x0000202c                adv_travel
 .text.adv_move_polar
                0x0000209c       0x24 advanced_movement.o
                0x0000209c                adv_move_polar
 .text.adv_move
                0x000020c0      0x13c advanced_movement.o
                0x000020c0                adv_move
 .text.adv_move_pid_polar
                0x000021fc       0xf0 advanced_movement.o
                0x000021fc                adv_move_pid_polar
 .text.adv_move_pid
                0x000022ec       0xf4 advanced_movement.o
                0x000022ec                adv_move_pid
 .text.adv_print_rmp
                0x000023e0       0x48 advanced_movement.o
                0x000023e0                adv_print_rmp
 .text.adv_motors_rpm
                0x00002428      0x3e8 advanced_movement.o
                0x00002428                adv_motors_rpm
 .text          0x00002810        0x0 rit.o
 .text.NVIC_EnableIRQ
                0x00002810       0x38 rit.o
 .text.NVIC_DisableIRQ
                0x00002848       0x3c rit.o
 .text.RIT_Start
                0x00002884       0x34 rit.o
                0x00002884                RIT_Start
 .text.RIT_Disable
                0x000028b8       0x10 rit.o
                0x000028b8                RIT_Disable
 .text.RIT_Enable
                0x000028c8       0x10 rit.o
                0x000028c8                RIT_Enable
 .text          0x000028d8        0x0 pid.o
 .text.pid_match_pattern
                0x000028d8       0x8c pid.o
                0x000028d8                pid_match_pattern
 .text.pid_turn_flg
                0x00002964       0x18 pid.o
                0x00002964                pid_turn_flg
 .text.pid_turn_detect
                0x0000297c      0x108 pid.o
                0x0000297c                pid_turn_detect
 .text.pid_read_sensors
                0x00002a84       0x2c pid.o
                0x00002a84                pid_read_sensors
 .text.pid_line_detect
                0x00002ab0       0x88 pid.o
                0x00002ab0                pid_line_detect
 .text.pid_over_line
                0x00002b38       0x38 pid.o
                0x00002b38                pid_over_line
 .text.pid_set  0x00002b70       0x1c pid.o
                0x00002b70                pid_set
 .text.pid_clear
                0x00002b8c       0x28 pid.o
                0x00002b8c                pid_clear
 .text.pid_check_running
                0x00002bb4       0x24 pid.o
                0x00002bb4                pid_check_running
 .text.pid_exit_check
                0x00002bd8       0x78 pid.o
                0x00002bd8                pid_exit_check
 .text.pid_control_loop
                0x00002c50       0x3c pid.o
                0x00002c50                pid_control_loop
 .text.pid_run  0x00002c8c       0x30 pid.o
                0x00002c8c                pid_run
 .text.pid_calc
                0x00002cbc       0x94 pid.o
                0x00002cbc                pid_calc
 .text.pid_motor_set
                0x00002d50       0x80 pid.o
                0x00002d50                pid_motor_set
 .text          0x00002dd0        0x0 line_follow.o
 .text.nav_follow_line
                0x00002dd0       0x44 line_follow.o
                0x00002dd0                nav_follow_line
 .text.nav_stop_follow_line
                0x00002e14       0x10 line_follow.o
                0x00002e14                nav_stop_follow_line
 .text          0x00002e24        0x0 common.o
 *fill*         0x00002e24        0x4 00
 .text.toRadian
                0x00002e28       0x58 common.o
                0x00002e28                toRadian
 .text.toDegree
                0x00002e80       0x60 common.o
                0x00002e80                toDegree
 .text.abs      0x00002ee0       0x40 common.o
                0x00002ee0                abs
 .text          0x00002f20        0x0 odometry.o
 .text.NVIC_EnableIRQ
                0x00002f20       0x38 odometry.o
 .text.encoder_submit
                0x00002f58       0xf0 odometry.o
 .text.encoder_rpm_calculate
                0x00003048       0xe0 odometry.o
 .text.encoder_rpm_clear
                0x00003128       0x28 odometry.o
 .text.encoder_clear
                0x00003150       0x34 odometry.o
                0x00003150                encoder_clear
 .text.encoder_update
                0x00003184      0x12c odometry.o
                0x00003184                encoder_update
 .text.encoder_rpm_init
                0x000032b0       0x80 odometry.o
                0x000032b0                encoder_rpm_init
 .text.TIMER3_IRQHandler
                0x00003330       0x40 odometry.o
                0x00003330                TIMER3_IRQHandler
 .text.encoder_rpm
                0x00003370       0x34 odometry.o
                0x00003370                encoder_rpm
 .text.encoder_rpm_off
                0x000033a4       0x14 odometry.o
                0x000033a4                encoder_rpm_off
 .text          0x000033b8        0x0 usbmouse/KeyboardHost.o
 .text.HID_Host_USBTask
                0x000033b8       0x14 usbmouse/KeyboardHost.o
 .text.mouse_init_noreturn
                0x000033cc       0x1c usbmouse/KeyboardHost.o
                0x000033cc                mouse_init_noreturn
 .text.mouse_init
                0x000033e8       0x3c usbmouse/KeyboardHost.o
                0x000033e8                mouse_init
 .text.mouse_poll
                0x00003424       0x1c usbmouse/KeyboardHost.o
                0x00003424                mouse_poll
 .text.SetupHardware
                0x00003440       0x10 usbmouse/KeyboardHost.o
                0x00003440                SetupHardware
 .text.KeyboardHost_Task
                0x00003450       0x5c usbmouse/KeyboardHost.o
                0x00003450                KeyboardHost_Task
 .text.EVENT_USB_Host_DeviceAttached
                0x000034ac       0x20 usbmouse/KeyboardHost.o
                0x000034ac                EVENT_USB_Host_DeviceAttached
 .text.EVENT_USB_Host_DeviceUnattached
                0x000034cc       0x20 usbmouse/KeyboardHost.o
                0x000034cc                EVENT_USB_Host_DeviceUnattached
 .text.EVENT_USB_Host_DeviceEnumerationComplete
                0x000034ec       0x88 usbmouse/KeyboardHost.o
                0x000034ec                EVENT_USB_Host_DeviceEnumerationComplete
 .text.EVENT_USB_Host_HostError
                0x00003574       0x10 usbmouse/KeyboardHost.o
                0x00003574                EVENT_USB_Host_HostError
 .text.EVENT_USB_Host_DeviceEnumerationFailed
                0x00003584       0x18 usbmouse/KeyboardHost.o
                0x00003584                EVENT_USB_Host_DeviceEnumerationFailed
 .text.CALLBACK_HIDParser_FilterHIDReportItem
                0x0000359c       0x14 usbmouse/KeyboardHost.o
                0x0000359c                CALLBACK_HIDParser_FilterHIDReportItem
 .text          0x000035b0        0x0 /usr/lpc1700-cmsis-lite-2011.01.26-i686-1/lib/core_cm3.o
 .text          0x000035b0        0x0 /usr/lpc1700-cmsis-lite-2011.01.26-i686-1/lib/system_LPC17xx.o
 .text.SystemCoreClockUpdate
                0x000035b0      0x228 /usr/lpc1700-cmsis-lite-2011.01.26-i686-1/lib/system_LPC17xx.o
                0x000035b0                SystemCoreClockUpdate
 .text.SystemInit
                0x000037d8      0x240 /usr/lpc1700-cmsis-lite-2011.01.26-i686-1/lib/system_LPC17xx.o
                0x000037d8                SystemInit
 .text          0x00003a18       0x14 /usr/lpc1700-cmsis-lite-2011.01.26-i686-1/lib/startup_LPC17xx.o
                0x00003a18                NMI_Handler
                0x00003a1a                HardFault_Handler
                0x00003a1c                MemManage_Handler
                0x00003a1e                BusFault_Handler
                0x00003a20                UsageFault_Handler
                0x00003a22                SVC_Handler
                0x00003a24                DebugMon_Handler
                0x00003a26                PendSV_Handler
                0x00003a28                SysTick_Handler
                0x00003a2a                I2C0_IRQHandler
                0x00003a2a                USBActivity_IRQHandler
                0x00003a2a                PWM1_IRQHandler
                0x00003a2a                I2C1_IRQHandler
                0x00003a2a                EINT2_IRQHandler
                0x00003a2a                UART1_IRQHandler
                0x00003a2a                CANActivity_IRQHandler
                0x00003a2a                UART0_IRQHandler
                0x00003a2a                PLL0_IRQHandler
                0x00003a2a                CAN_IRQHandler
                0x00003a2a                PLL1_IRQHandler
                0x00003a2a                SSP0_IRQHandler
                0x00003a2a                I2S_IRQHandler
                0x00003a2a                I2C2_IRQHandler
                0x00003a2a                RTC_IRQHandler
                0x00003a2a                TIMER0_IRQHandler
                0x00003a2a                SPI_IRQHandler
                0x00003a2a                EINT1_IRQHandler
                0x00003a2a                UART2_IRQHandler
                0x00003a2a                Default_Handler
                0x00003a2a                ADC_IRQHandler
                0x00003a2a                SSP1_IRQHandler
                0x00003a2a                BOD_IRQHandler
                0x00003a2a                WDT_IRQHandler
                0x00003a2a                QEI_IRQHandler
                0x00003a2a                EINT0_IRQHandler
                0x00003a2a                DMA_IRQHandler
                0x00003a2a                UART3_IRQHandler
                0x00003a2a                MCPWM_IRQHandler
                0x00003a2a                ENET_IRQHandler
 .text          0x00003a2c       0x10 /usr/sourcery-g++-lite-arm-eabi-2010.09.51-i686-1/arm-none-eabi/lib/thumb2/libc.a(lib_a-atoi.o)
                0x00003a2c                atoi
                0x00003a34                _atoi_r
 .text          0x00003a3c       0x50 /usr/sourcery-g++-lite-arm-eabi-2010.09.51-i686-1/arm-none-eabi/lib/thumb2/libc.a(lib_a-strcat.o)
                0x00003a3c                strcat
 .text          0x00003a8c       0xbc /usr/sourcery-g++-lite-arm-eabi-2010.09.51-i686-1/arm-none-eabi/lib/thumb2/libc.a(lib_a-strcpy.o)
                0x00003a8c                strcpy
 .text          0x00003b48       0x60 /usr/sourcery-g++-lite-arm-eabi-2010.09.51-i686-1/arm-none-eabi/lib/thumb2/libc.a(lib_a-strlen.o)
                0x00003b48                strlen
 .text          0x00003ba8      0x17c /usr/sourcery-g++-lite-arm-eabi-2010.09.51-i686-1/arm-none-eabi/lib/thumb2/libc.a(lib_a-strtol.o)
                0x00003ba8                _strtol_r
                0x00003d0c                strtol
 .text          0x00003d24       0x7c /usr/sourcery-g++-lite-arm-eabi-2010.09.51-i686-1/arm-none-eabi/lib/thumb2/libc.a(lib_a-vsnprintf.o)
                0x00003d24                _vsnprintf_r
                0x00003d7c                vsnprintf
 .text          0x00003da0        0x0 /usr/sourcery-g++-lite-arm-eabi-2010.09.51-i686-1/arm-none-eabi/lib/thumb2/libc.a(lib_a-ctype_.o)
 .text          0x00003da0        0x0 /usr/sourcery-g++-lite-arm-eabi-2010.09.51-i686-1/arm-none-eabi/lib/thumb2/libc.a(lib_a-impure.o)
 .text          0x00003da0     0x1658 /usr/sourcery-g++-lite-arm-eabi-2010.09.51-i686-1/arm-none-eabi/lib/thumb2/libc.a(lib_a-svfprintf.o)
                0x00003da0                _svfprintf_r
 .text          0x000053f8     0x1000 /usr/sourcery-g++-lite-arm-eabi-2010.09.51-i686-1/arm-none-eabi/lib/thumb2/libc.a(lib_a-dtoa.o)
                0x00005524                _dtoa_r
 .text          0x000063f8       0xa0 /usr/sourcery-g++-lite-arm-eabi-2010.09.51-i686-1/arm-none-eabi/lib/thumb2/libc.a(lib_a-locale.o)
                0x000063f8                _setlocale_r
                0x00006454                __locale_charset
                0x00006460                __locale_mb_cur_max
                0x0000646c                __locale_msgcharset
                0x00006474                __locale_cjk_lang
                0x00006478                _localeconv_r
                0x00006480                setlocale
                0x00006490                localeconv
 .text          0x00006498       0x20 /usr/sourcery-g++-lite-arm-eabi-2010.09.51-i686-1/arm-none-eabi/lib/thumb2/libc.a(lib_a-malloc.o)
                0x00006498                malloc
                0x000064a8                free
 .text          0x000064b8      0x57c /usr/sourcery-g++-lite-arm-eabi-2010.09.51-i686-1/arm-none-eabi/lib/thumb2/libc.a(lib_a-mallocr.o)
                0x000064b8                _malloc_r
 .text          0x00006a34       0x88 /usr/sourcery-g++-lite-arm-eabi-2010.09.51-i686-1/arm-none-eabi/lib/thumb2/libc.a(lib_a-memchr.o)
                0x00006a34                memchr
 .text          0x00006abc      0x150 /usr/sourcery-g++-lite-arm-eabi-2010.09.51-i686-1/arm-none-eabi/lib/thumb2/libc.a(lib_a-memcpy.o)
                0x00006abc                memcpy
 .text          0x00006c0c        0x8 /usr/sourcery-g++-lite-arm-eabi-2010.09.51-i686-1/arm-none-eabi/lib/thumb2/libc.a(lib_a-mlock.o)
                0x00006c0c                __malloc_lock
                0x00006c10                __malloc_unlock
 .text          0x00006c14      0x920 /usr/sourcery-g++-lite-arm-eabi-2010.09.51-i686-1/arm-none-eabi/lib/thumb2/libc.a(lib_a-mprec.o)
                0x00006c14                _Balloc
                0x00006c7c                _Bfree
                0x00006cb4                __multadd
                0x00006d38                __s2b
                0x00006dcc                __hi0bits
                0x00006e0c                __lo0bits
                0x00006e70                __i2b
                0x00006e84                __multiply
                0x00006fac                __pow5mult
                0x00007050                __lshift
                0x000070fc                __mcmp
                0x00007138                __mdiff
                0x00007230                __ulp
                0x00007278                __b2d
                0x00007324                __d2b
                0x000073ec                __ratio
                0x0000745c                _mprec_log10
                0x00007490                __copybits
                0x000074d8                __any_on
 .text          0x00007534       0x90 /usr/sourcery-g++-lite-arm-eabi-2010.09.51-i686-1/arm-none-eabi/lib/thumb2/libc.a(lib_a-s_fpclassify.o)
                0x00007534                __fpclassifyd
 .text          0x000075c4       0x28 /usr/sourcery-g++-lite-arm-eabi-2010.09.51-i686-1/arm-none-eabi/lib/thumb2/libc.a(lib_a-sbrkr.o)
                0x000075c4                _sbrk_r
 .text          0x000075ec      0x1dc /usr/sourcery-g++-lite-arm-eabi-2010.09.51-i686-1/arm-none-eabi/lib/thumb2/libc.a(lib_a-strcmp.o)
                0x000075ec                strcmp
 .text          0x000077c8      0xbe4 /usr/sourcery-g++-lite-arm-eabi-2010.09.51-i686-1/arm-none-eabi/lib/thumb2/libc.a(lib_a-svfiprintf.o)
                0x000077c8                __ssprint_r
                0x000078d0                _svfiprintf_r
 .text          0x000083ac       0x5c /usr/sourcery-g++-lite-arm-eabi-2010.09.51-i686-1/arm-none-eabi/lib/thumb2/libc.a(lib_a-callocr.o)
                0x000083ac                _calloc_r
 .text          0x00008408      0x240 /usr/sourcery-g++-lite-arm-eabi-2010.09.51-i686-1/arm-none-eabi/lib/thumb2/libc.a(lib_a-freer.o)
                0x00008408                _malloc_trim_r
                0x000084b0                _free_r
 .text          0x00008648       0xa0 /usr/sourcery-g++-lite-arm-eabi-2010.09.51-i686-1/arm-none-eabi/lib/thumb2/libc.a(lib_a-memmove.o)
                0x00008648                memmove
 .text          0x000086e8       0xb4 /usr/sourcery-g++-lite-arm-eabi-2010.09.51-i686-1/arm-none-eabi/lib/thumb2/libc.a(lib_a-memset.o)
                0x000086e8                memset
 .text          0x0000879c      0x41c /usr/sourcery-g++-lite-arm-eabi-2010.09.51-i686-1/arm-none-eabi/lib/thumb2/libc.a(lib_a-reallocr.o)
                0x0000879c                _realloc_r
 .text          0x00008bb8      0x114 /usr/sourcery-g++-lite-arm-eabi-2010.09.51-i686-1/arm-none-eabi/lib/thumb2/libc.a(lib_a-reent.o)
                0x00008bb8                cleanup_glue
                0x00008bd4                _reclaim_reent
                0x00008c94                _wrapup_reent
 *fill*         0x00008ccc        0x4 00
 .text          0x00008cd0      0x278 /usr/sourcery-g++-lite-arm-eabi-2010.09.51-i686-1/bin/../lib/gcc/arm-none-eabi/4.5.1/thumb2/libgcc.a(_udivsi3.o)
                0x00008cd0                __udivsi3
                0x00008cd0                __aeabi_uidiv
                0x00008f2c                __aeabi_uidivmod
 .text          0x00008f48        0x4 /usr/sourcery-g++-lite-arm-eabi-2010.09.51-i686-1/bin/../lib/gcc/arm-none-eabi/4.5.1/thumb2/libgcc.a(_dvmd_tls.o)
                0x00008f48                __aeabi_ldiv0
                0x00008f48                __aeabi_idiv0
 .text          0x00008f4c      0x370 /usr/sourcery-g++-lite-arm-eabi-2010.09.51-i686-1/bin/../lib/gcc/arm-none-eabi/4.5.1/thumb2/libgcc.a(_arm_addsubdf3.o)
                0x00008f4c                __aeabi_drsub
                0x00008f54                __aeabi_dsub
                0x00008f54                __subdf3
                0x00008f58                __adddf3
                0x00008f58                __aeabi_dadd
                0x000091d0                __aeabi_ui2d
                0x000091d0                __floatunsidf
                0x000091f0                __floatsidf
                0x000091f0                __aeabi_i2d
                0x00009214                __extendsfdf2
                0x00009214                __aeabi_f2d
                0x00009250                __aeabi_ul2d
                0x00009250                __floatundidf
                0x00009260                __floatdidf
                0x00009260                __aeabi_l2d
 .text          0x000092bc      0x424 /usr/sourcery-g++-lite-arm-eabi-2010.09.51-i686-1/bin/../lib/gcc/arm-none-eabi/4.5.1/thumb2/libgcc.a(_arm_muldivdf3.o)
                0x000092bc                __aeabi_dmul
                0x000092bc                __muldf3
                0x00009510                __aeabi_ddiv
                0x00009510                __divdf3
 .text          0x000096e0      0x110 /usr/sourcery-g++-lite-arm-eabi-2010.09.51-i686-1/bin/../lib/gcc/arm-none-eabi/4.5.1/thumb2/libgcc.a(_arm_cmpdf2.o)
                0x000096e0                __gtdf2
                0x000096e0                __gedf2
                0x000096e8                __ltdf2
                0x000096e8                __ledf2
                0x000096f0                __cmpdf2
                0x000096f0                __eqdf2
                0x000096f0                __nedf2
                0x0000976c                __aeabi_cdrcmple
                0x0000977c                __aeabi_cdcmple
                0x0000977c                __aeabi_cdcmpeq
                0x0000978c                __aeabi_dcmpeq
                0x000097a0                __aeabi_dcmplt
                0x000097b4                __aeabi_dcmple
                0x000097c8                __aeabi_dcmpge
                0x000097dc                __aeabi_dcmpgt
 .text          0x000097f0       0x50 /usr/sourcery-g++-lite-arm-eabi-2010.09.51-i686-1/bin/../lib/gcc/arm-none-eabi/4.5.1/thumb2/libgcc.a(_arm_fixdfsi.o)
                0x000097f0                __fixdfsi
                0x000097f0                __aeabi_d2iz
 .text          0x00009840       0xa0 /usr/sourcery-g++-lite-arm-eabi-2010.09.51-i686-1/bin/../lib/gcc/arm-none-eabi/4.5.1/thumb2/libgcc.a(_arm_truncdfsf2.o)
                0x00009840                __aeabi_d2f
                0x00009840                __truncdfsf2
 .text          0x000098e0      0x21c /usr/sourcery-g++-lite-arm-eabi-2010.09.51-i686-1/bin/../lib/gcc/arm-none-eabi/4.5.1/thumb2/libgcc.a(_arm_addsubsf3.o)
                0x000098e0                __aeabi_frsub
                0x000098e8                __subsf3
                0x000098e8                __aeabi_fsub
                0x000098ec                __aeabi_fadd
                0x000098ec                __addsf3
                0x00009a4c                __aeabi_ui2f
                0x00009a4c                __floatunsisf
                0x00009a54                __aeabi_i2f
                0x00009a54                __floatsisf
                0x00009a70                __floatundisf
                0x00009a70                __aeabi_ul2f
                0x00009a80                __floatdisf
                0x00009a80                __aeabi_l2f
 .text          0x00009afc      0x2a0 /usr/sourcery-g++-lite-arm-eabi-2010.09.51-i686-1/bin/../lib/gcc/arm-none-eabi/4.5.1/thumb2/libgcc.a(_arm_muldivsf3.o)
                0x00009afc                __mulsf3
                0x00009afc                __aeabi_fmul
                0x00009c64                __divsf3
                0x00009c64                __aeabi_fdiv
 .text          0x00009d9c       0xec /usr/sourcery-g++-lite-arm-eabi-2010.09.51-i686-1/bin/../lib/gcc/arm-none-eabi/4.5.1/thumb2/libgcc.a(_arm_cmpsf2.o)
                0x00009d9c                __gtsf2
                0x00009d9c                __gesf2
                0x00009da4                __lesf2
                0x00009da4                __ltsf2
                0x00009dac                __nesf2
                0x00009dac                __eqsf2
                0x00009dac                __cmpsf2
                0x00009e0c                __aeabi_cfrcmple
                0x00009e14                __aeabi_cfcmple
                0x00009e14                __aeabi_cfcmpeq
                0x00009e24                __aeabi_fcmpeq
                0x00009e38                __aeabi_fcmplt
                0x00009e4c                __aeabi_fcmple
                0x00009e60                __aeabi_fcmpge
                0x00009e74                __aeabi_fcmpgt
 .text          0x00009e88       0x4c /usr/sourcery-g++-lite-arm-eabi-2010.09.51-i686-1/bin/../lib/gcc/arm-none-eabi/4.5.1/thumb2/libgcc.a(_arm_fixsfsi.o)
                0x00009e88                __fixsfsi
                0x00009e88                __aeabi_f2iz
 .text          0x00009ed4       0x2c /usr/sourcery-g++-lite-arm-eabi-2010.09.51-i686-1/bin/../lib/gcc/arm-none-eabi/4.5.1/thumb2/libgcc.a(_aeabi_uldivmod.o)
                0x00009ed4                __aeabi_uldivmod
 .text          0x00009f00       0x60 /usr/sourcery-g++-lite-arm-eabi-2010.09.51-i686-1/bin/../lib/gcc/arm-none-eabi/4.5.1/thumb2/libgcc.a(bpabi.o)
                0x00009f00                __gnu_ldivmod_helper
                0x00009f30                __gnu_uldivmod_helper
 .text          0x00009f60      0x364 /usr/sourcery-g++-lite-arm-eabi-2010.09.51-i686-1/bin/../lib/gcc/arm-none-eabi/4.5.1/thumb2/libgcc.a(_divdi3.o)
                0x00009f60                __divdi3
 .text          0x0000a2c4      0x314 /usr/sourcery-g++-lite-arm-eabi-2010.09.51-i686-1/bin/../lib/gcc/arm-none-eabi/4.5.1/thumb2/libgcc.a(_udivdi3.o)
                0x0000a2c4                __udivdi3
 .text          0x0000a5d8       0x94 /usr/sourcery-g++-lite-arm-eabi-2010.09.51-i686-1/arm-none-eabi/lib/thumb2/libm.a(lib_a-s_cos.o)
                0x0000a5d8                cos
 .text          0x0000a66c       0x98 /usr/sourcery-g++-lite-arm-eabi-2010.09.51-i686-1/arm-none-eabi/lib/thumb2/libm.a(lib_a-s_sin.o)
                0x0000a66c                sin
 .text          0x0000a704        0x4 /usr/sourcery-g++-lite-arm-eabi-2010.09.51-i686-1/arm-none-eabi/lib/thumb2/libm.a(lib_a-w_atan2.o)
                0x0000a704                atan2
 .text          0x0000a708       0xac /usr/sourcery-g++-lite-arm-eabi-2010.09.51-i686-1/arm-none-eabi/lib/thumb2/libm.a(lib_a-w_sqrt.o)
                0x0000a708                sqrt
 *fill*         0x0000a7b4        0x4 00
 .text          0x0000a7b8      0x220 /usr/sourcery-g++-lite-arm-eabi-2010.09.51-i686-1/arm-none-eabi/lib/thumb2/libm.a(lib_a-e_atan2.o)
                0x0000a7b8                __ieee754_atan2
 .text          0x0000a9d8      0x448 /usr/sourcery-g++-lite-arm-eabi-2010.09.51-i686-1/arm-none-eabi/lib/thumb2/libm.a(lib_a-e_rem_pio2.o)
                0x0000a9d8                __ieee754_rem_pio2
 .text          0x0000ae20      0x1c0 /usr/sourcery-g++-lite-arm-eabi-2010.09.51-i686-1/arm-none-eabi/lib/thumb2/libm.a(lib_a-e_sqrt.o)
                0x0000ae20                __ieee754_sqrt
 .text          0x0000afe0      0x250 /usr/sourcery-g++-lite-arm-eabi-2010.09.51-i686-1/arm-none-eabi/lib/thumb2/libm.a(lib_a-k_cos.o)
                0x0000afe0                __kernel_cos
 .text          0x0000b230      0x7a8 /usr/sourcery-g++-lite-arm-eabi-2010.09.51-i686-1/arm-none-eabi/lib/thumb2/libm.a(lib_a-k_rem_pio2.o)
                0x0000b230                __kernel_rem_pio2
 .text          0x0000b9d8      0x168 /usr/sourcery-g++-lite-arm-eabi-2010.09.51-i686-1/arm-none-eabi/lib/thumb2/libm.a(lib_a-k_sin.o)
                0x0000b9d8                __kernel_sin
 .text          0x0000bb40      0x338 /usr/sourcery-g++-lite-arm-eabi-2010.09.51-i686-1/arm-none-eabi/lib/thumb2/libm.a(lib_a-s_atan.o)
                0x0000bb40                atan
 .text          0x0000be78        0x8 /usr/sourcery-g++-lite-arm-eabi-2010.09.51-i686-1/arm-none-eabi/lib/thumb2/libm.a(lib_a-s_fabs.o)
                0x0000be78                fabs
 .text          0x0000be80      0x128 /usr/sourcery-g++-lite-arm-eabi-2010.09.51-i686-1/arm-none-eabi/lib/thumb2/libm.a(lib_a-s_floor.o)
                0x0000be80                floor
 .text          0x0000bfa8        0x0 /usr/sourcery-g++-lite-arm-eabi-2010.09.51-i686-1/arm-none-eabi/lib/thumb2/libm.a(lib_a-s_lib_ver.o)
 .text          0x0000bfa8        0x4 /usr/sourcery-g++-lite-arm-eabi-2010.09.51-i686-1/arm-none-eabi/lib/thumb2/libm.a(lib_a-s_matherr.o)
                0x0000bfa8                matherr
 *fill*         0x0000bfac        0x4 00
 .text          0x0000bfb0      0x108 /usr/sourcery-g++-lite-arm-eabi-2010.09.51-i686-1/arm-none-eabi/lib/thumb2/libm.a(lib_a-s_scalbn.o)
                0x0000bfb0                scalbn
 .text          0x0000c0b8       0x14 /usr/sourcery-g++-lite-arm-eabi-2010.09.51-i686-1/arm-none-eabi/lib/thumb2/libm.a(lib_a-s_copysign.o)
                0x0000c0b8                copysign
 .text          0x0000c0cc        0xc /usr/sourcery-g++-lite-arm-eabi-2010.09.51-i686-1/arm-none-eabi/lib/thumb2/libc.a(lib_a-errno.o)
                0x0000c0cc                __errno
 .text          0x0000c0d8      0x2b0 /usr/sourcery-g++-lite-arm-eabi-2010.09.51-i686-1/bin/../lib/gcc/arm-none-eabi/4.5.1/thumb2/libgcc.a(_divsi3.o)
                0x0000c0d8                __aeabi_idiv
                0x0000c0d8                __divsi3
                0x0000c36c                __aeabi_idivmod
 .text          0x0000c388       0x30 /usr/sourcery-g++-lite-arm-eabi-2010.09.51-i686-1/arm-none-eabi/lib/thumb2/libcs3.a(start_c.o)
                0x0000c388                __cs3_premain
 .text.cs3.init
                0x0000c3b8       0x50 /usr/sourcery-g++-lite-arm-eabi-2010.09.51-i686-1/arm-none-eabi/lib/thumb2/libcs3.a(start_c.o)
                0x0000c3b8                __cs3_start_c
 .text          0x0000c408       0x40 /usr/sourcery-g++-lite-arm-eabi-2010.09.51-i686-1/arm-none-eabi/lib/thumb2/libcs3unhosted.a(unhosted-sbrk.o)
                0x0000c408                _sbrk
 .text          0x0000c448        0x0 /usr/sourcery-g++-lite-arm-eabi-2010.09.51-i686-1/arm-none-eabi/lib/thumb2/libcs3unhosted.a(unhosted-start.o)
 .text.cs3.init
                0x0000c448       0x10 /usr/sourcery-g++-lite-arm-eabi-2010.09.51-i686-1/arm-none-eabi/lib/thumb2/libcs3unhosted.a(unhosted-start.o)
                0x0000c448                _start
 .text          0x0000c458       0x50 /usr/sourcery-g++-lite-arm-eabi-2010.09.51-i686-1/arm-none-eabi/lib/thumb2/libc.a(lib_a-init.o)
                0x0000c458                __libc_init_array
 .text          0x0000c4a8        0x0 /usr/sourcery-g++-lite-arm-eabi-2010.09.51-i686-1/arm-none-eabi/lib/thumb2/libcs3.a(heap.o)
 .text          0x0000c4a8        0x0 /usr/lpc1700-cmsis-lite-2011.01.26-i686-1/lib/libDriversLPC17xxgnu.a(debug_frmwrk.o)
 .text.UARTPutChar
                0x0000c4a8       0x28 /usr/lpc1700-cmsis-lite-2011.01.26-i686-1/lib/libDriversLPC17xxgnu.a(debug_frmwrk.o)
                0x0000c4a8                UARTPutChar
 .text.UARTGetChar
                0x0000c4d0       0x30 /usr/lpc1700-cmsis-lite-2011.01.26-i686-1/lib/libDriversLPC17xxgnu.a(debug_frmwrk.o)
                0x0000c4d0                UARTGetChar
 .text.UARTPuts
                0x0000c500       0x34 /usr/lpc1700-cmsis-lite-2011.01.26-i686-1/lib/libDriversLPC17xxgnu.a(debug_frmwrk.o)
                0x0000c500                UARTPuts
 .text.UARTPuts_
                0x0000c534       0x28 /usr/lpc1700-cmsis-lite-2011.01.26-i686-1/lib/libDriversLPC17xxgnu.a(debug_frmwrk.o)
                0x0000c534                UARTPuts_
 .text.UARTPutDec
                0x0000c55c       0xd0 /usr/lpc1700-cmsis-lite-2011.01.26-i686-1/lib/libDriversLPC17xxgnu.a(debug_frmwrk.o)
                0x0000c55c                UARTPutDec
 .text.UARTPutDec16
                0x0000c62c      0x160 /usr/lpc1700-cmsis-lite-2011.01.26-i686-1/lib/libDriversLPC17xxgnu.a(debug_frmwrk.o)
                0x0000c62c                UARTPutDec16
 .text.UARTPutDec32
                0x0000c78c      0x2b4 /usr/lpc1700-cmsis-lite-2011.01.26-i686-1/lib/libDriversLPC17xxgnu.a(debug_frmwrk.o)
                0x0000c78c                UARTPutDec32
 .text.UARTPutHex
                0x0000ca40       0x74 /usr/lpc1700-cmsis-lite-2011.01.26-i686-1/lib/libDriversLPC17xxgnu.a(debug_frmwrk.o)
                0x0000ca40                UARTPutHex
 .text.UARTPutHex16
                0x0000cab4       0x74 /usr/lpc1700-cmsis-lite-2011.01.26-i686-1/lib/libDriversLPC17xxgnu.a(debug_frmwrk.o)
                0x0000cab4                UARTPutHex16
 .text.UARTPutHex32
                0x0000cb28       0x74 /usr/lpc1700-cmsis-lite-2011.01.26-i686-1/lib/libDriversLPC17xxgnu.a(debug_frmwrk.o)
                0x0000cb28                UARTPutHex32
 .text.debug_frmwrk_init
                0x0000cb9c      0x124 /usr/lpc1700-cmsis-lite-2011.01.26-i686-1/lib/libDriversLPC17xxgnu.a(debug_frmwrk.o)
                0x0000cb9c                debug_frmwrk_init
 .text          0x0000ccc0        0x0 /usr/lpc1700-cmsis-lite-2011.01.26-i686-1/lib/libDriversLPC17xxgnu.a(lpc17xx_adc.o)
 .text.ADC_Init
                0x0000ccc0       0xa4 /usr/lpc1700-cmsis-lite-2011.01.26-i686-1/lib/libDriversLPC17xxgnu.a(lpc17xx_adc.o)
                0x0000ccc0                ADC_Init
 .text.ADC_DeInit
                0x0000cd64       0x48 /usr/lpc1700-cmsis-lite-2011.01.26-i686-1/lib/libDriversLPC17xxgnu.a(lpc17xx_adc.o)
                0x0000cd64                ADC_DeInit
 .text.ADC_GetData
                0x0000cdac       0x38 /usr/lpc1700-cmsis-lite-2011.01.26-i686-1/lib/libDriversLPC17xxgnu.a(lpc17xx_adc.o)
                0x0000cdac                ADC_GetData
 .text.ADC_StartCmd
                0x0000cde4       0x90 /usr/lpc1700-cmsis-lite-2011.01.26-i686-1/lib/libDriversLPC17xxgnu.a(lpc17xx_adc.o)
                0x0000cde4                ADC_StartCmd
 .text.ADC_BurstCmd
                0x0000ce74       0x50 /usr/lpc1700-cmsis-lite-2011.01.26-i686-1/lib/libDriversLPC17xxgnu.a(lpc17xx_adc.o)
                0x0000ce74                ADC_BurstCmd
 .text.ADC_PowerdownCmd
                0x0000cec4       0x50 /usr/lpc1700-cmsis-lite-2011.01.26-i686-1/lib/libDriversLPC17xxgnu.a(lpc17xx_adc.o)
                0x0000cec4                ADC_PowerdownCmd
 .text.ADC_EdgeStartConfig
                0x0000cf14       0x6c /usr/lpc1700-cmsis-lite-2011.01.26-i686-1/lib/libDriversLPC17xxgnu.a(lpc17xx_adc.o)
                0x0000cf14                ADC_EdgeStartConfig
 .text.ADC_IntConfig
                0x0000cf80       0xb4 /usr/lpc1700-cmsis-lite-2011.01.26-i686-1/lib/libDriversLPC17xxgnu.a(lpc17xx_adc.o)
                0x0000cf80                ADC_IntConfig
 .text.ADC_ChannelCmd
                0x0000d034       0x70 /usr/lpc1700-cmsis-lite-2011.01.26-i686-1/lib/libDriversLPC17xxgnu.a(lpc17xx_adc.o)
                0x0000d034                ADC_ChannelCmd
 .text.ADC_ChannelGetData
                0x0000d0a4       0x58 /usr/lpc1700-cmsis-lite-2011.01.26-i686-1/lib/libDriversLPC17xxgnu.a(lpc17xx_adc.o)
                0x0000d0a4                ADC_ChannelGetData
 .text.ADC_ChannelGetStatus
                0x0000d0fc       0x8c /usr/lpc1700-cmsis-lite-2011.01.26-i686-1/lib/libDriversLPC17xxgnu.a(lpc17xx_adc.o)
                0x0000d0fc                ADC_ChannelGetStatus
 .text.ADC_GlobalGetData
                0x0000d188       0x34 /usr/lpc1700-cmsis-lite-2011.01.26-i686-1/lib/libDriversLPC17xxgnu.a(lpc17xx_adc.o)
                0x0000d188                ADC_GlobalGetData
 .text.ADC_GlobalGetStatus
                0x0000d1bc       0x7c /usr/lpc1700-cmsis-lite-2011.01.26-i686-1/lib/libDriversLPC17xxgnu.a(lpc17xx_adc.o)
                0x0000d1bc                ADC_GlobalGetStatus
 .text          0x0000d238        0x0 /usr/lpc1700-cmsis-lite-2011.01.26-i686-1/lib/libDriversLPC17xxgnu.a(lpc17xx_clkpwr.o)
 .text.CLKPWR_SetPCLKDiv
                0x0000d238       0xd4 /usr/lpc1700-cmsis-lite-2011.01.26-i686-1/lib/libDriversLPC17xxgnu.a(lpc17xx_clkpwr.o)
                0x0000d238                CLKPWR_SetPCLKDiv
 .text.CLKPWR_GetPCLKSEL
                0x0000d30c       0x54 /usr/lpc1700-cmsis-lite-2011.01.26-i686-1/lib/libDriversLPC17xxgnu.a(lpc17xx_clkpwr.o)
                0x0000d30c                CLKPWR_GetPCLKSEL
 .text.CLKPWR_GetPCLK
                0x0000d360       0x70 /usr/lpc1700-cmsis-lite-2011.01.26-i686-1/lib/libDriversLPC17xxgnu.a(lpc17xx_clkpwr.o)
                0x0000d360                CLKPWR_GetPCLK
 .text.CLKPWR_ConfigPPWR
                0x0000d3d0       0x80 /usr/lpc1700-cmsis-lite-2011.01.26-i686-1/lib/libDriversLPC17xxgnu.a(lpc17xx_clkpwr.o)
                0x0000d3d0                CLKPWR_ConfigPPWR
 .text.CLKPWR_Sleep
                0x0000d450       0x1c /usr/lpc1700-cmsis-lite-2011.01.26-i686-1/lib/libDriversLPC17xxgnu.a(lpc17xx_clkpwr.o)
                0x0000d450                CLKPWR_Sleep
 .text.CLKPWR_DeepSleep
                0x0000d46c       0x2c /usr/lpc1700-cmsis-lite-2011.01.26-i686-1/lib/libDriversLPC17xxgnu.a(lpc17xx_clkpwr.o)
                0x0000d46c                CLKPWR_DeepSleep
 .text.CLKPWR_PowerDown
                0x0000d498       0x2c /usr/lpc1700-cmsis-lite-2011.01.26-i686-1/lib/libDriversLPC17xxgnu.a(lpc17xx_clkpwr.o)
                0x0000d498                CLKPWR_PowerDown
 .text.CLKPWR_DeepPowerDown
                0x0000d4c4       0x2c /usr/lpc1700-cmsis-lite-2011.01.26-i686-1/lib/libDriversLPC17xxgnu.a(lpc17xx_clkpwr.o)
                0x0000d4c4                CLKPWR_DeepPowerDown
 .text          0x0000d4f0        0x0 /usr/lpc1700-cmsis-lite-2011.01.26-i686-1/lib/libDriversLPC17xxgnu.a(lpc17xx_gpio.o)
 .text.GPIO_GetPointer
                0x0000d4f0       0x7c /usr/lpc1700-cmsis-lite-2011.01.26-i686-1/lib/libDriversLPC17xxgnu.a(lpc17xx_gpio.o)
 .text.FIO_HalfWordGetPointer
                0x0000d56c       0x7c /usr/lpc1700-cmsis-lite-2011.01.26-i686-1/lib/libDriversLPC17xxgnu.a(lpc17xx_gpio.o)
 .text.FIO_ByteGetPointer
                0x0000d5e8       0x7c /usr/lpc1700-cmsis-lite-2011.01.26-i686-1/lib/libDriversLPC17xxgnu.a(lpc17xx_gpio.o)
 .text.GPIO_SetDir
                0x0000d664       0x50 /usr/lpc1700-cmsis-lite-2011.01.26-i686-1/lib/libDriversLPC17xxgnu.a(lpc17xx_gpio.o)
                0x0000d664                GPIO_SetDir
 .text.GPIO_SetValue
                0x0000d6b4       0x2c /usr/lpc1700-cmsis-lite-2011.01.26-i686-1/lib/libDriversLPC17xxgnu.a(lpc17xx_gpio.o)
                0x0000d6b4                GPIO_SetValue
 .text.GPIO_ClearValue
                0x0000d6e0       0x2c /usr/lpc1700-cmsis-lite-2011.01.26-i686-1/lib/libDriversLPC17xxgnu.a(lpc17xx_gpio.o)
                0x0000d6e0                GPIO_ClearValue
 .text.GPIO_ReadValue
                0x0000d70c       0x30 /usr/lpc1700-cmsis-lite-2011.01.26-i686-1/lib/libDriversLPC17xxgnu.a(lpc17xx_gpio.o)
                0x0000d70c                GPIO_ReadValue
 .text.GPIO_IntCmd
                0x0000d73c       0x84 /usr/lpc1700-cmsis-lite-2011.01.26-i686-1/lib/libDriversLPC17xxgnu.a(lpc17xx_gpio.o)
                0x0000d73c                GPIO_IntCmd
 .text.GPIO_GetIntStatus
                0x0000d7c0       0xc0 /usr/lpc1700-cmsis-lite-2011.01.26-i686-1/lib/libDriversLPC17xxgnu.a(lpc17xx_gpio.o)
                0x0000d7c0                GPIO_GetIntStatus
 .text.GPIO_ClearInt
                0x0000d880       0x40 /usr/lpc1700-cmsis-lite-2011.01.26-i686-1/lib/libDriversLPC17xxgnu.a(lpc17xx_gpio.o)
                0x0000d880                GPIO_ClearInt
 .text.FIO_SetDir
                0x0000d8c0       0x28 /usr/lpc1700-cmsis-lite-2011.01.26-i686-1/lib/libDriversLPC17xxgnu.a(lpc17xx_gpio.o)
                0x0000d8c0                FIO_SetDir
 .text.FIO_SetValue
                0x0000d8e8       0x20 /usr/lpc1700-cmsis-lite-2011.01.26-i686-1/lib/libDriversLPC17xxgnu.a(lpc17xx_gpio.o)
                0x0000d8e8                FIO_SetValue
 .text.FIO_ClearValue
                0x0000d908       0x20 /usr/lpc1700-cmsis-lite-2011.01.26-i686-1/lib/libDriversLPC17xxgnu.a(lpc17xx_gpio.o)
                0x0000d908                FIO_ClearValue
 .text.FIO_ReadValue
                0x0000d928       0x20 /usr/lpc1700-cmsis-lite-2011.01.26-i686-1/lib/libDriversLPC17xxgnu.a(lpc17xx_gpio.o)
                0x0000d928                FIO_ReadValue
 .text.FIO_IntCmd
                0x0000d948       0x28 /usr/lpc1700-cmsis-lite-2011.01.26-i686-1/lib/libDriversLPC17xxgnu.a(lpc17xx_gpio.o)
                0x0000d948                FIO_IntCmd
 .text.FIO_GetIntStatus
                0x0000d970       0x2c /usr/lpc1700-cmsis-lite-2011.01.26-i686-1/lib/libDriversLPC17xxgnu.a(lpc17xx_gpio.o)
                0x0000d970                FIO_GetIntStatus
 .text.FIO_ClearInt
                0x0000d99c       0x20 /usr/lpc1700-cmsis-lite-2011.01.26-i686-1/lib/libDriversLPC17xxgnu.a(lpc17xx_gpio.o)
                0x0000d99c                FIO_ClearInt
 .text.FIO_SetMask
                0x0000d9bc       0x50 /usr/lpc1700-cmsis-lite-2011.01.26-i686-1/lib/libDriversLPC17xxgnu.a(lpc17xx_gpio.o)
                0x0000d9bc                FIO_SetMask
 .text.FIO_HalfWordSetDir
                0x0000da0c       0x9c /usr/lpc1700-cmsis-lite-2011.01.26-i686-1/lib/libDriversLPC17xxgnu.a(lpc17xx_gpio.o)
                0x0000da0c                FIO_HalfWordSetDir
 .text.FIO_HalfWordSetMask
                0x0000daa8       0x9c /usr/lpc1700-cmsis-lite-2011.01.26-i686-1/lib/libDriversLPC17xxgnu.a(lpc17xx_gpio.o)
                0x0000daa8                FIO_HalfWordSetMask
 .text.FIO_HalfWordSetValue
                0x0000db44       0x40 /usr/lpc1700-cmsis-lite-2011.01.26-i686-1/lib/libDriversLPC17xxgnu.a(lpc17xx_gpio.o)
                0x0000db44                FIO_HalfWordSetValue
 .text.FIO_HalfWordClearValue
                0x0000db84       0x40 /usr/lpc1700-cmsis-lite-2011.01.26-i686-1/lib/libDriversLPC17xxgnu.a(lpc17xx_gpio.o)
                0x0000db84                FIO_HalfWordClearValue
 .text.FIO_HalfWordReadValue
                0x0000dbc4       0x44 /usr/lpc1700-cmsis-lite-2011.01.26-i686-1/lib/libDriversLPC17xxgnu.a(lpc17xx_gpio.o)
                0x0000dbc4                FIO_HalfWordReadValue
 .text.FIO_ByteSetDir
                0x0000dc08       0x70 /usr/lpc1700-cmsis-lite-2011.01.26-i686-1/lib/libDriversLPC17xxgnu.a(lpc17xx_gpio.o)
                0x0000dc08                FIO_ByteSetDir
 .text.FIO_ByteSetMask
                0x0000dc78       0x78 /usr/lpc1700-cmsis-lite-2011.01.26-i686-1/lib/libDriversLPC17xxgnu.a(lpc17xx_gpio.o)
                0x0000dc78                FIO_ByteSetMask
 .text.FIO_ByteSetValue
                0x0000dcf0       0x3c /usr/lpc1700-cmsis-lite-2011.01.26-i686-1/lib/libDriversLPC17xxgnu.a(lpc17xx_gpio.o)
                0x0000dcf0                FIO_ByteSetValue
 .text.FIO_ByteClearValue
                0x0000dd2c       0x3c /usr/lpc1700-cmsis-lite-2011.01.26-i686-1/lib/libDriversLPC17xxgnu.a(lpc17xx_gpio.o)
                0x0000dd2c                FIO_ByteClearValue
 .text.FIO_ByteReadValue
                0x0000dd68       0x40 /usr/lpc1700-cmsis-lite-2011.01.26-i686-1/lib/libDriversLPC17xxgnu.a(lpc17xx_gpio.o)
                0x0000dd68                FIO_ByteReadValue
 .text          0x0000dda8        0x0 /usr/lpc1700-cmsis-lite-2011.01.26-i686-1/lib/libDriversLPC17xxgnu.a(lpc17xx_libcfg_default.o)
 .text.check_failed
                0x0000dda8        0xc /usr/lpc1700-cmsis-lite-2011.01.26-i686-1/lib/libDriversLPC17xxgnu.a(lpc17xx_libcfg_default.o)
                0x0000dda8                check_failed
 .text          0x0000ddb4        0x0 /usr/lpc1700-cmsis-lite-2011.01.26-i686-1/lib/libDriversLPC17xxgnu.a(lpc17xx_pinsel.o)
 .text.set_PinFunc
                0x0000ddb4       0xa0 /usr/lpc1700-cmsis-lite-2011.01.26-i686-1/lib/libDriversLPC17xxgnu.a(lpc17xx_pinsel.o)
 .text.set_ResistorMode
                0x0000de54       0xa0 /usr/lpc1700-cmsis-lite-2011.01.26-i686-1/lib/libDriversLPC17xxgnu.a(lpc17xx_pinsel.o)
 .text.set_OpenDrainMode
                0x0000def4       0x80 /usr/lpc1700-cmsis-lite-2011.01.26-i686-1/lib/libDriversLPC17xxgnu.a(lpc17xx_pinsel.o)
 .text.PINSEL_ConfigTraceFunc
                0x0000df74       0x54 /usr/lpc1700-cmsis-lite-2011.01.26-i686-1/lib/libDriversLPC17xxgnu.a(lpc17xx_pinsel.o)
                0x0000df74                PINSEL_ConfigTraceFunc
 .text.PINSEL_SetI2C0Pins
                0x0000dfc8       0x3c /usr/lpc1700-cmsis-lite-2011.01.26-i686-1/lib/libDriversLPC17xxgnu.a(lpc17xx_pinsel.o)
                0x0000dfc8                PINSEL_SetI2C0Pins
 .text.PINSEL_ConfigPin
                0x0000e004       0x54 /usr/lpc1700-cmsis-lite-2011.01.26-i686-1/lib/libDriversLPC17xxgnu.a(lpc17xx_pinsel.o)
                0x0000e004                PINSEL_ConfigPin
 .text          0x0000e058        0x0 /usr/lpc1700-cmsis-lite-2011.01.26-i686-1/lib/libDriversLPC17xxgnu.a(lpc17xx_rit.o)
 .text.RIT_Init
                0x0000e058       0x5c /usr/lpc1700-cmsis-lite-2011.01.26-i686-1/lib/libDriversLPC17xxgnu.a(lpc17xx_rit.o)
                0x0000e058                RIT_Init
 .text.RIT_DeInit
                0x0000e0b4       0x5c /usr/lpc1700-cmsis-lite-2011.01.26-i686-1/lib/libDriversLPC17xxgnu.a(lpc17xx_rit.o)
                0x0000e0b4                RIT_DeInit
 .text.RIT_TimerConfig
                0x0000e110       0x6c /usr/lpc1700-cmsis-lite-2011.01.26-i686-1/lib/libDriversLPC17xxgnu.a(lpc17xx_rit.o)
                0x0000e110                RIT_TimerConfig
 .text.RIT_Cmd  0x0000e17c       0x78 /usr/lpc1700-cmsis-lite-2011.01.26-i686-1/lib/libDriversLPC17xxgnu.a(lpc17xx_rit.o)
                0x0000e17c                RIT_Cmd
 .text.RIT_TimerDebugCmd
                0x0000e1f4       0x78 /usr/lpc1700-cmsis-lite-2011.01.26-i686-1/lib/libDriversLPC17xxgnu.a(lpc17xx_rit.o)
                0x0000e1f4                RIT_TimerDebugCmd
 .text.RIT_GetIntStatus
                0x0000e26c       0x60 /usr/lpc1700-cmsis-lite-2011.01.26-i686-1/lib/libDriversLPC17xxgnu.a(lpc17xx_rit.o)
                0x0000e26c                RIT_GetIntStatus
 .text          0x0000e2cc        0x0 /usr/lpc1700-cmsis-lite-2011.01.26-i686-1/lib/libDriversLPC17xxgnu.a(lpc17xx_timer.o)
 .text.getPClock
                0x0000e2cc       0x60 /usr/lpc1700-cmsis-lite-2011.01.26-i686-1/lib/libDriversLPC17xxgnu.a(lpc17xx_timer.o)
 .text.converUSecToVal
                0x0000e32c       0x64 /usr/lpc1700-cmsis-lite-2011.01.26-i686-1/lib/libDriversLPC17xxgnu.a(lpc17xx_timer.o)
 .text.converPtrToTimeNum
                0x0000e390       0x74 /usr/lpc1700-cmsis-lite-2011.01.26-i686-1/lib/libDriversLPC17xxgnu.a(lpc17xx_timer.o)
 .text.TIM_GetIntStatus
                0x0000e404       0xbc /usr/lpc1700-cmsis-lite-2011.01.26-i686-1/lib/libDriversLPC17xxgnu.a(lpc17xx_timer.o)
                0x0000e404                TIM_GetIntStatus
 .text.TIM_GetIntCaptureStatus
                0x0000e4c0       0xc0 /usr/lpc1700-cmsis-lite-2011.01.26-i686-1/lib/libDriversLPC17xxgnu.a(lpc17xx_timer.o)
                0x0000e4c0                TIM_GetIntCaptureStatus
 .text.TIM_ClearIntPending
                0x0000e580       0xa8 /usr/lpc1700-cmsis-lite-2011.01.26-i686-1/lib/libDriversLPC17xxgnu.a(lpc17xx_timer.o)
                0x0000e580                TIM_ClearIntPending
 .text.TIM_ClearIntCapturePending
                0x0000e628       0xac /usr/lpc1700-cmsis-lite-2011.01.26-i686-1/lib/libDriversLPC17xxgnu.a(lpc17xx_timer.o)
                0x0000e628                TIM_ClearIntCapturePending
 .text.TIM_ConfigStructInit
                0x0000e6d4       0x40 /usr/lpc1700-cmsis-lite-2011.01.26-i686-1/lib/libDriversLPC17xxgnu.a(lpc17xx_timer.o)
                0x0000e6d4                TIM_ConfigStructInit
 .text.TIM_Init
                0x0000e714      0x1d8 /usr/lpc1700-cmsis-lite-2011.01.26-i686-1/lib/libDriversLPC17xxgnu.a(lpc17xx_timer.o)
                0x0000e714                TIM_Init
 .text.TIM_DeInit
                0x0000e8ec       0xd0 /usr/lpc1700-cmsis-lite-2011.01.26-i686-1/lib/libDriversLPC17xxgnu.a(lpc17xx_timer.o)
                0x0000e8ec                TIM_DeInit
 .text.TIM_Cmd  0x0000e9bc       0x7c /usr/lpc1700-cmsis-lite-2011.01.26-i686-1/lib/libDriversLPC17xxgnu.a(lpc17xx_timer.o)
                0x0000e9bc                TIM_Cmd
 .text.TIM_ResetCounter
                0x0000ea38       0x70 /usr/lpc1700-cmsis-lite-2011.01.26-i686-1/lib/libDriversLPC17xxgnu.a(lpc17xx_timer.o)
                0x0000ea38                TIM_ResetCounter
 .text.TIM_ConfigMatch
                0x0000eaa8      0x1d0 /usr/lpc1700-cmsis-lite-2011.01.26-i686-1/lib/libDriversLPC17xxgnu.a(lpc17xx_timer.o)
                0x0000eaa8                TIM_ConfigMatch
 .text.TIM_UpdateMatchValue
                0x0000ec78       0xa0 /usr/lpc1700-cmsis-lite-2011.01.26-i686-1/lib/libDriversLPC17xxgnu.a(lpc17xx_timer.o)
                0x0000ec78                TIM_UpdateMatchValue
 .text.TIM_ConfigCapture
                0x0000ed18      0x110 /usr/lpc1700-cmsis-lite-2011.01.26-i686-1/lib/libDriversLPC17xxgnu.a(lpc17xx_timer.o)
                0x0000ed18                TIM_ConfigCapture
 .text.TIM_GetCaptureValue
                0x0000ee28       0x8c /usr/lpc1700-cmsis-lite-2011.01.26-i686-1/lib/libDriversLPC17xxgnu.a(lpc17xx_timer.o)
                0x0000ee28                TIM_GetCaptureValue
 .text          0x0000eeb4        0x0 /usr/lpc1700-cmsis-lite-2011.01.26-i686-1/lib/libDriversLPC17xxgnu.a(lpc17xx_uart.o)
 .text.uart_set_divisors
                0x0000eeb4      0x26c /usr/lpc1700-cmsis-lite-2011.01.26-i686-1/lib/libDriversLPC17xxgnu.a(lpc17xx_uart.o)
 .text.UART_Init
                0x0000f120      0x368 /usr/lpc1700-cmsis-lite-2011.01.26-i686-1/lib/libDriversLPC17xxgnu.a(lpc17xx_uart.o)
                0x0000f120                UART_Init
 .text.UART_DeInit
                0x0000f488       0xcc /usr/lpc1700-cmsis-lite-2011.01.26-i686-1/lib/libDriversLPC17xxgnu.a(lpc17xx_uart.o)
                0x0000f488                UART_DeInit
 .text.UART_ConfigStructInit
                0x0000f554       0x34 /usr/lpc1700-cmsis-lite-2011.01.26-i686-1/lib/libDriversLPC17xxgnu.a(lpc17xx_uart.o)
                0x0000f554                UART_ConfigStructInit
 .text.UART_SendByte
                0x0000f588       0x78 /usr/lpc1700-cmsis-lite-2011.01.26-i686-1/lib/libDriversLPC17xxgnu.a(lpc17xx_uart.o)
                0x0000f588                UART_SendByte
 .text.UART_ReceiveByte
                0x0000f600       0x78 /usr/lpc1700-cmsis-lite-2011.01.26-i686-1/lib/libDriversLPC17xxgnu.a(lpc17xx_uart.o)
                0x0000f600                UART_ReceiveByte
 .text.UART_Send
                0x0000f678      0x10c /usr/lpc1700-cmsis-lite-2011.01.26-i686-1/lib/libDriversLPC17xxgnu.a(lpc17xx_uart.o)
                0x0000f678                UART_Send
 .text.UART_Receive
                0x0000f784       0xd8 /usr/lpc1700-cmsis-lite-2011.01.26-i686-1/lib/libDriversLPC17xxgnu.a(lpc17xx_uart.o)
                0x0000f784                UART_Receive
 .text.UART_ForceBreak
                0x0000f85c       0x88 /usr/lpc1700-cmsis-lite-2011.01.26-i686-1/lib/libDriversLPC17xxgnu.a(lpc17xx_uart.o)
                0x0000f85c                UART_ForceBreak
 .text.UART_IntConfig
                0x0000f8e4      0x1d0 /usr/lpc1700-cmsis-lite-2011.01.26-i686-1/lib/libDriversLPC17xxgnu.a(lpc17xx_uart.o)
                0x0000f8e4                UART_IntConfig
 .text.UART_GetLineStatus
                0x0000fab4       0x7c /usr/lpc1700-cmsis-lite-2011.01.26-i686-1/lib/libDriversLPC17xxgnu.a(lpc17xx_uart.o)
                0x0000fab4                UART_GetLineStatus
 .text.UART_GetIntId
                0x0000fb30       0x68 /usr/lpc1700-cmsis-lite-2011.01.26-i686-1/lib/libDriversLPC17xxgnu.a(lpc17xx_uart.o)
                0x0000fb30                UART_GetIntId
 .text.UART_CheckBusy
                0x0000fb98       0x2c /usr/lpc1700-cmsis-lite-2011.01.26-i686-1/lib/libDriversLPC17xxgnu.a(lpc17xx_uart.o)
                0x0000fb98                UART_CheckBusy
 .text.UART_FIFOConfig
                0x0000fbc4      0x184 /usr/lpc1700-cmsis-lite-2011.01.26-i686-1/lib/libDriversLPC17xxgnu.a(lpc17xx_uart.o)
                0x0000fbc4                UART_FIFOConfig
 .text.UART_FIFOConfigStructInit
                0x0000fd48       0x34 /usr/lpc1700-cmsis-lite-2011.01.26-i686-1/lib/libDriversLPC17xxgnu.a(lpc17xx_uart.o)
                0x0000fd48                UART_FIFOConfigStructInit
 .text.UART_ABCmd
                0x0000fd7c      0x15c /usr/lpc1700-cmsis-lite-2011.01.26-i686-1/lib/libDriversLPC17xxgnu.a(lpc17xx_uart.o)
                0x0000fd7c                UART_ABCmd
 .text.UART_ABClearIntPending
                0x0000fed8       0x88 /usr/lpc1700-cmsis-lite-2011.01.26-i686-1/lib/libDriversLPC17xxgnu.a(lpc17xx_uart.o)
                0x0000fed8                UART_ABClearIntPending
 .text.UART_TxCmd
                0x0000ff60       0xe8 /usr/lpc1700-cmsis-lite-2011.01.26-i686-1/lib/libDriversLPC17xxgnu.a(lpc17xx_uart.o)
                0x0000ff60                UART_TxCmd
 .text.UART_IrDAInvtInputCmd
                0x00010048       0x84 /usr/lpc1700-cmsis-lite-2011.01.26-i686-1/lib/libDriversLPC17xxgnu.a(lpc17xx_uart.o)
                0x00010048                UART_IrDAInvtInputCmd
 .text.UART_IrDACmd
                0x000100cc       0x80 /usr/lpc1700-cmsis-lite-2011.01.26-i686-1/lib/libDriversLPC17xxgnu.a(lpc17xx_uart.o)
                0x000100cc                UART_IrDACmd
 .text.UART_IrDAPulseDivConfig
                0x0001014c       0xac /usr/lpc1700-cmsis-lite-2011.01.26-i686-1/lib/libDriversLPC17xxgnu.a(lpc17xx_uart.o)
                0x0001014c                UART_IrDAPulseDivConfig
 .text.UART_FullModemForcePinState
                0x000101f8       0xcc /usr/lpc1700-cmsis-lite-2011.01.26-i686-1/lib/libDriversLPC17xxgnu.a(lpc17xx_uart.o)
                0x000101f8                UART_FullModemForcePinState
 .text.UART_FullModemConfigMode
                0x000102c4       0xd8 /usr/lpc1700-cmsis-lite-2011.01.26-i686-1/lib/libDriversLPC17xxgnu.a(lpc17xx_uart.o)
                0x000102c4                UART_FullModemConfigMode
 .text.UART_FullModemGetStatus
                0x0001039c       0x38 /usr/lpc1700-cmsis-lite-2011.01.26-i686-1/lib/libDriversLPC17xxgnu.a(lpc17xx_uart.o)
                0x0001039c                UART_FullModemGetStatus
 .text.UART_RS485Config
                0x000103d4      0x1bc /usr/lpc1700-cmsis-lite-2011.01.26-i686-1/lib/libDriversLPC17xxgnu.a(lpc17xx_uart.o)
                0x000103d4                UART_RS485Config
 .text.UART_RS485ReceiverCmd
                0x00010590       0x48 /usr/lpc1700-cmsis-lite-2011.01.26-i686-1/lib/libDriversLPC17xxgnu.a(lpc17xx_uart.o)
                0x00010590                UART_RS485ReceiverCmd
 .text.UART_RS485Send
                0x000105d8       0x84 /usr/lpc1700-cmsis-lite-2011.01.26-i686-1/lib/libDriversLPC17xxgnu.a(lpc17xx_uart.o)
                0x000105d8                UART_RS485Send
 .text.UART_RS485SendSlvAddr
                0x0001065c       0x28 /usr/lpc1700-cmsis-lite-2011.01.26-i686-1/lib/libDriversLPC17xxgnu.a(lpc17xx_uart.o)
                0x0001065c                UART_RS485SendSlvAddr
 .text.UART_RS485SendData
                0x00010684       0x28 /usr/lpc1700-cmsis-lite-2011.01.26-i686-1/lib/libDriversLPC17xxgnu.a(lpc17xx_uart.o)
                0x00010684                UART_RS485SendData
 .text          0x000106ac        0x0 ./libBSP.a(bsp_MCB1700.o)
 .text.NVIC_EnableIRQ
                0x000106ac       0x38 ./libBSP.a(bsp_MCB1700.o)
 .text.bsp_init
                0x000106e4        0xc ./libBSP.a(bsp_MCB1700.o)
                0x000106e4                bsp_init
 .text.Serial_Init
                0x000106f0       0x7c ./libBSP.a(bsp_MCB1700.o)
                0x000106f0                Serial_Init
 .text.USB_Connect
                0x0001076c       0x24 ./libBSP.a(bsp_MCB1700.o)
                0x0001076c                USB_Connect
 .text.Buttons_Init
                0x00010790       0x18 ./libBSP.a(bsp_MCB1700.o)
                0x00010790                Buttons_Init
 .text.Joystick_Init
                0x000107a8       0x58 ./libBSP.a(bsp_MCB1700.o)
                0x000107a8                Joystick_Init
 .text.Joystick_GetStatus
                0x00010800       0xa4 ./libBSP.a(bsp_MCB1700.o)
                0x00010800                Joystick_GetStatus
 .text.Audio_Get_ISO_Buffer_Address
                0x000108a4       0xac ./libBSP.a(bsp_MCB1700.o)
                0x000108a4                Audio_Get_ISO_Buffer_Address
 .text.Audio_Reset_Data_Buffer
                0x00010950       0x34 ./libBSP.a(bsp_MCB1700.o)
                0x00010950                Audio_Reset_Data_Buffer
 .text.Audio_Init
                0x00010984      0x174 ./libBSP.a(bsp_MCB1700.o)
                0x00010984                Audio_Init
 .text.TIMER1_IRQHandler
                0x00010af8      0x170 ./libBSP.a(bsp_MCB1700.o)
                0x00010af8                TIMER1_IRQHandler
 .text.LEDs_Init
                0x00010c68        0xc ./libBSP.a(bsp_MCB1700.o)
                0x00010c68                LEDs_Init
 .text.LEDs_SetAllLEDs
                0x00010c74       0x14 ./libBSP.a(bsp_MCB1700.o)
                0x00010c74                LEDs_SetAllLEDs
 .text.MassStorage_Init
                0x00010c88        0xc ./libBSP.a(bsp_MCB1700.o)
                0x00010c88                MassStorage_Init
 .text.MassStorage_Write
                0x00010c94       0x4c ./libBSP.a(bsp_MCB1700.o)
                0x00010c94                MassStorage_Write
 .text.MassStorage_Read
                0x00010ce0       0x58 ./libBSP.a(bsp_MCB1700.o)
                0x00010ce0                MassStorage_Read
 .text.MassStorage_Verify
                0x00010d38       0x1c ./libBSP.a(bsp_MCB1700.o)
                0x00010d38                MassStorage_Verify
 .text.MassStorage_GetCapacity
                0x00010d54       0x10 ./libBSP.a(bsp_MCB1700.o)
                0x00010d54                MassStorage_GetCapacity
 .text.MassStorage_Cache_Flush
                0x00010d64       0x1c ./libBSP.a(bsp_MCB1700.o)
                0x00010d64                MassStorage_Cache_Flush
 .text.MassStorage_FlushTimeOut
                0x00010d80       0x10 ./libBSP.a(bsp_MCB1700.o)
                0x00010d80                MassStorage_FlushTimeOut
 .text          0x00010d90        0x0 ./libBSP.a(DataRam.o)
 .text          0x00010d90        0x0 ./libCDL.a(lpc17xx_dac.o)
 .text.DAC_Init
                0x00010d90       0x20 ./libCDL.a(lpc17xx_dac.o)
                0x00010d90                DAC_Init
 .text.DAC_UpdateValue
                0x00010db0       0x38 ./libCDL.a(lpc17xx_dac.o)
                0x00010db0                DAC_UpdateValue
 .text.DAC_SetBias
                0x00010de8       0x34 ./libCDL.a(lpc17xx_dac.o)
                0x00010de8                DAC_SetBias
 .text.DAC_ConfigDAConverterControl
                0x00010e1c       0x5c ./libCDL.a(lpc17xx_dac.o)
                0x00010e1c                DAC_ConfigDAConverterControl
 .text.DAC_SetDMATimeOut
                0x00010e78       0x1c ./libCDL.a(lpc17xx_dac.o)
                0x00010e78                DAC_SetDMATimeOut
 .text          0x00010e94        0x0 ./libnxpUSBlib.a(ConfigDescriptor.o)
 .text.USB_GetNextDescriptor
                0x00010e94       0x4c ./libnxpUSBlib.a(ConfigDescriptor.o)
 .text.USB_Host_GetDeviceConfigDescriptor
                0x00010ee0       0xf8 ./libnxpUSBlib.a(ConfigDescriptor.o)
                0x00010ee0                USB_Host_GetDeviceConfigDescriptor
 .text.USB_GetNextDescriptorOfType
                0x00010fd8       0x38 ./libnxpUSBlib.a(ConfigDescriptor.o)
                0x00010fd8                USB_GetNextDescriptorOfType
 .text.USB_GetNextDescriptorOfTypeBefore
                0x00011010       0x50 ./libnxpUSBlib.a(ConfigDescriptor.o)
                0x00011010                USB_GetNextDescriptorOfTypeBefore
 .text.USB_GetNextDescriptorOfTypeAfter
                0x00011060       0x38 ./libnxpUSBlib.a(ConfigDescriptor.o)
                0x00011060                USB_GetNextDescriptorOfTypeAfter
 .text.USB_GetNextDescriptorComp
                0x00011098       0x64 ./libnxpUSBlib.a(ConfigDescriptor.o)
                0x00011098                USB_GetNextDescriptorComp
 .text          0x000110fc        0x0 ./libnxpUSBlib.a(HostStandardReq.o)
 .text.USB_Host_SendControlRequest
                0x000110fc      0x220 ./libnxpUSBlib.a(HostStandardReq.o)
                0x000110fc                USB_Host_SendControlRequest
 .text.USB_Host_SetDeviceConfiguration
                0x0001131c       0xb0 ./libnxpUSBlib.a(HostStandardReq.o)
                0x0001131c                USB_Host_SetDeviceConfiguration
 .text.USB_Host_GetDeviceDescriptor
                0x000113cc       0x4c ./libnxpUSBlib.a(HostStandardReq.o)
                0x000113cc                USB_Host_GetDeviceDescriptor
 .text.USB_Host_GetDeviceStringDescriptor
                0x00011418       0x84 ./libnxpUSBlib.a(HostStandardReq.o)
                0x00011418                USB_Host_GetDeviceStringDescriptor
 .text.USB_Host_GetDeviceStatus
                0x0001149c       0x80 ./libnxpUSBlib.a(HostStandardReq.o)
                0x0001149c                USB_Host_GetDeviceStatus
 .text.USB_Host_ClearEndpointStall
                0x0001151c       0x80 ./libnxpUSBlib.a(HostStandardReq.o)
                0x0001151c                USB_Host_ClearEndpointStall
 .text.USB_Host_SetInterfaceAltSetting
                0x0001159c       0x7c ./libnxpUSBlib.a(HostStandardReq.o)
                0x0001159c                USB_Host_SetInterfaceAltSetting
 .text          0x00011618        0x0 ./libnxpUSBlib.a(USBTask.o)
 .text.USB_USBTask
                0x00011618        0xc ./libnxpUSBlib.a(USBTask.o)
                0x00011618                USB_USBTask
 .text.USB_HostTask
                0x00011624       0x3c ./libnxpUSBlib.a(USBTask.o)
 .text          0x00011660        0x0 ./libnxpUSBlib.a(Host_LPC.o)
 .text.USB_Host_ProcessNextHostState
                0x00011660      0x3f8 ./libnxpUSBlib.a(Host_LPC.o)
                0x00011660                USB_Host_ProcessNextHostState
 .text.USB_Host_WaitMS
                0x00011a58       0x1c ./libnxpUSBlib.a(Host_LPC.o)
                0x00011a58                USB_Host_WaitMS
 .text.USB_Host_Enumerate
                0x00011a74       0x3c ./libnxpUSBlib.a(Host_LPC.o)
                0x00011a74                USB_Host_Enumerate
 .text.USB_Host_DeEnumerate
                0x00011ab0       0x60 ./libnxpUSBlib.a(Host_LPC.o)
                0x00011ab0                USB_Host_DeEnumerate
 .text.USB_Host_SetActiveHost
                0x00011b10       0x20 ./libnxpUSBlib.a(Host_LPC.o)
                0x00011b10                USB_Host_SetActiveHost
 .text.USB_Host_GetActiveHost
                0x00011b30       0x18 ./libnxpUSBlib.a(Host_LPC.o)
                0x00011b30                USB_Host_GetActiveHost
 .text.USB_Host_SetDeviceSpeed
                0x00011b48       0x28 ./libnxpUSBlib.a(Host_LPC.o)
                0x00011b48                USB_Host_SetDeviceSpeed
 .text.USB_Host_GetDeviceSpeed
                0x00011b70       0x30 ./libnxpUSBlib.a(Host_LPC.o)
                0x00011b70                USB_Host_GetDeviceSpeed
 .text.USB_Host_GetFrameNumber
                0x00011ba0       0x18 ./libnxpUSBlib.a(Host_LPC.o)
                0x00011ba0                USB_Host_GetFrameNumber
 .text          0x00011bb8        0x0 ./libnxpUSBlib.a(PipeStream_LPC.o)
 .text.Pipe_Discard_Stream
                0x00011bb8      0x218 ./libnxpUSBlib.a(PipeStream_LPC.o)
                0x00011bb8                Pipe_Discard_Stream
 .text.Pipe_Null_Stream
                0x00011dd0      0x104 ./libnxpUSBlib.a(PipeStream_LPC.o)
                0x00011dd0                Pipe_Null_Stream
 .text.Pipe_Write_Stream_LE
                0x00011ed4      0x120 ./libnxpUSBlib.a(PipeStream_LPC.o)
                0x00011ed4                Pipe_Write_Stream_LE
 .text.Pipe_Read_Stream_LE
                0x00011ff4      0x364 ./libnxpUSBlib.a(PipeStream_LPC.o)
                0x00011ff4                Pipe_Read_Stream_LE
 .text.Pipe_Write_Stream_BE
                0x00012358       0x20 ./libnxpUSBlib.a(PipeStream_LPC.o)
                0x00012358                Pipe_Write_Stream_BE
 .text.Pipe_Read_Stream_BE
                0x00012378       0x20 ./libnxpUSBlib.a(PipeStream_LPC.o)
                0x00012378                Pipe_Read_Stream_BE
 .text.Pipe_Write_PStream_LE
                0x00012398       0x20 ./libnxpUSBlib.a(PipeStream_LPC.o)
                0x00012398                Pipe_Write_PStream_LE
 .text.Pipe_Write_PStream_BE
                0x000123b8       0x20 ./libnxpUSBlib.a(PipeStream_LPC.o)
                0x000123b8                Pipe_Write_PStream_BE
 .text.Pipe_Write_EStream_LE
                0x000123d8       0x20 ./libnxpUSBlib.a(PipeStream_LPC.o)
                0x000123d8                Pipe_Write_EStream_LE
 .text.Pipe_Write_EStream_BE
                0x000123f8       0x20 ./libnxpUSBlib.a(PipeStream_LPC.o)
                0x000123f8                Pipe_Write_EStream_BE
 .text.Pipe_Read_EStream_LE
                0x00012418       0x20 ./libnxpUSBlib.a(PipeStream_LPC.o)
                0x00012418                Pipe_Read_EStream_LE
 .text.Pipe_Read_EStream_BE
                0x00012438       0x20 ./libnxpUSBlib.a(PipeStream_LPC.o)
                0x00012438                Pipe_Read_EStream_BE
 .text          0x00012458        0x0 ./libnxpUSBlib.a(Pipe_LPC.o)
 .text.Pipe_ConfigurePipe
                0x00012458      0x180 ./libnxpUSBlib.a(Pipe_LPC.o)
                0x00012458                Pipe_ConfigurePipe
 .text.Pipe_ClosePipe
                0x000125d8       0x98 ./libnxpUSBlib.a(Pipe_LPC.o)
                0x000125d8                Pipe_ClosePipe
 .text.Pipe_ClearPipes
                0x00012670        0xc ./libnxpUSBlib.a(Pipe_LPC.o)
                0x00012670                Pipe_ClearPipes
 .text.Pipe_IsEndpointBound
                0x0001267c       0x1c ./libnxpUSBlib.a(Pipe_LPC.o)
                0x0001267c                Pipe_IsEndpointBound
 .text.Pipe_WaitUntilReady
                0x00012698      0x190 ./libnxpUSBlib.a(Pipe_LPC.o)
                0x00012698                Pipe_WaitUntilReady
 .text.Pipe_IsINReceived
                0x00012828       0xf0 ./libnxpUSBlib.a(Pipe_LPC.o)
                0x00012828                Pipe_IsINReceived
 .text          0x00012918        0x0 ./libnxpUSBlib.a(USBController_LPC.o)
 .text.USB_Init
                0x00012918       0x2c ./libnxpUSBlib.a(USBController_LPC.o)
                0x00012918                USB_Init
 .text.USB_Disable
                0x00012944       0x18 ./libnxpUSBlib.a(USBController_LPC.o)
                0x00012944                USB_Disable
 .text.USB_ResetInterface
                0x0001295c        0xc ./libnxpUSBlib.a(USBController_LPC.o)
                0x0001295c                USB_ResetInterface
 .text.USB_Init_Host
                0x00012968       0x80 ./libnxpUSBlib.a(USBController_LPC.o)
 .text          0x000129e8        0x0 ./libnxpUSBlib.a(OHCI.o)
 .text.Align4k  0x000129e8       0x20 ./libnxpUSBlib.a(OHCI.o)
 .text.Offset4k
                0x00012a08       0x20 ./libnxpUSBlib.a(OHCI.o)
 .text.HcdGetDeviceSpeed
                0x00012a28       0x58 ./libnxpUSBlib.a(OHCI.o)
                0x00012a28                HcdGetDeviceSpeed
 .text.HcdGetFrameNumber
                0x00012a80       0x34 ./libnxpUSBlib.a(OHCI.o)
                0x00012a80                HcdGetFrameNumber
 .text.HcdRhPortReset
                0x00012ab4       0x5c ./libnxpUSBlib.a(OHCI.o)
                0x00012ab4                HcdRhPortReset
 .text.HcdRhPortEnable
                0x00012b10       0x2c ./libnxpUSBlib.a(OHCI.o)
                0x00012b10                HcdRhPortEnable
 .text.HcdRhPortDisable
                0x00012b3c       0x2c ./libnxpUSBlib.a(OHCI.o)
                0x00012b3c                HcdRhPortDisable
 .text.HcdInitDriver
                0x00012b68       0x5c ./libnxpUSBlib.a(OHCI.o)
                0x00012b68                HcdInitDriver
 .text.HcdDeInitDriver
                0x00012bc4       0x1c ./libnxpUSBlib.a(OHCI.o)
                0x00012bc4                HcdDeInitDriver
 .text.HcdOpenPipe
                0x00012be0      0x114 ./libnxpUSBlib.a(OHCI.o)
                0x00012be0                HcdOpenPipe
 .text.HcdCancelTransfer
                0x00012cf4      0x134 ./libnxpUSBlib.a(OHCI.o)
                0x00012cf4                HcdCancelTransfer
 .text.HcdClosePipe
                0x00012e28       0x70 ./libnxpUSBlib.a(OHCI.o)
                0x00012e28                HcdClosePipe
 .text.HcdClearEndpointHalt
                0x00012e98       0x6c ./libnxpUSBlib.a(OHCI.o)
                0x00012e98                HcdClearEndpointHalt
 .text.HcdControlTransfer
                0x00012f04      0x150 ./libnxpUSBlib.a(OHCI.o)
                0x00012f04                HcdControlTransfer
 .text.QueueOneITD
                0x00013054      0x178 ./libnxpUSBlib.a(OHCI.o)
 .text.QueueITDs
                0x000131cc       0xb0 ./libnxpUSBlib.a(OHCI.o)
 .text.HcdDataTransfer
                0x0001327c      0x138 ./libnxpUSBlib.a(OHCI.o)
                0x0001327c                HcdDataTransfer
 .text.HcdGetPipeStatus
                0x000133b4       0x40 ./libnxpUSBlib.a(OHCI.o)
                0x000133b4                HcdGetPipeStatus
 .text.OHciRhStatusChangeIsr
                0x000133f4       0x2c ./libnxpUSBlib.a(OHCI.o)
 .text.ProcessDoneQueue
                0x00013420      0x188 ./libnxpUSBlib.a(OHCI.o)
 .text.HcdIrqHandler
                0x000135a8      0x164 ./libnxpUSBlib.a(OHCI.o)
                0x000135a8                HcdIrqHandler
 .text.QueueOneGTD
                0x0001370c       0xa4 ./libnxpUSBlib.a(OHCI.o)
 .text.QueueGTDs
                0x000137b0       0x80 ./libnxpUSBlib.a(OHCI.o)
 .text.WaitForTransferComplete
                0x00013830       0x34 ./libnxpUSBlib.a(OHCI.o)
 .text.InsertEndpoint
                0x00013864       0x68 ./libnxpUSBlib.a(OHCI.o)
 .text.RemoveEndpoint
                0x000138cc       0x80 ./libnxpUSBlib.a(OHCI.o)
 .text.BuildPeriodicStaticEdTree
                0x0001394c       0x68 ./libnxpUSBlib.a(OHCI.o)
 .text.Align16  0x000139b4       0x1c ./libnxpUSBlib.a(OHCI.o)
 .text.HcdED    0x000139d0       0x24 ./libnxpUSBlib.a(OHCI.o)
 .text.HcdGTD   0x000139f4       0x24 ./libnxpUSBlib.a(OHCI.o)
 .text.HcdITD   0x00013a18       0x24 ./libnxpUSBlib.a(OHCI.o)
 .text.IsIsoEndpoint
                0x00013a3c       0x28 ./libnxpUSBlib.a(OHCI.o)
 .text.PipehandleCreate
                0x00013a64       0x2c ./libnxpUSBlib.a(OHCI.o)
 .text.PipehandleParse
                0x00013a90       0x5c ./libnxpUSBlib.a(OHCI.o)
 .text.AllocEd  0x00013aec      0x1d4 ./libnxpUSBlib.a(OHCI.o)
 .text.AllocGtdForEd
                0x00013cc0      0x11c ./libnxpUSBlib.a(OHCI.o)
 .text.AllocItdForEd
                0x00013ddc      0x110 ./libnxpUSBlib.a(OHCI.o)
 .text.FreeED   0x00013eec       0x70 ./libnxpUSBlib.a(OHCI.o)
 .text.FreeGtd  0x00013f5c       0x24 ./libnxpUSBlib.a(OHCI.o)
 .text.FreeItd  0x00013f80       0x28 ./libnxpUSBlib.a(OHCI.o)
 .text.OHciHostInit
                0x00013fa8      0x19c ./libnxpUSBlib.a(OHCI.o)
 .text.OHciHostReset
                0x00014144       0x40 ./libnxpUSBlib.a(OHCI.o)
 .text.OHciHostOperational
                0x00014184       0x38 ./libnxpUSBlib.a(OHCI.o)
 .text          0x000141bc        0x0 ./libnxpUSBlib.a(HCD.o)
 .text.HcdDelayUS
                0x000141bc       0x30 ./libnxpUSBlib.a(HCD.o)
                0x000141bc                HcdDelayUS
 .text.HcdDelayMS
                0x000141ec       0x30 ./libnxpUSBlib.a(HCD.o)
                0x000141ec                HcdDelayMS
 .text.OpenPipe_VerifyParameters
                0x0001421c      0x170 ./libnxpUSBlib.a(HCD.o)
                0x0001421c                OpenPipe_VerifyParameters
 .text          0x0001438c        0x0 ./libnxpUSBlib.a(HAL_LPC17xx.o)
 .text.NVIC_EnableIRQ
                0x0001438c       0x38 ./libnxpUSBlib.a(HAL_LPC17xx.o)
 .text.NVIC_DisableIRQ
                0x000143c4       0x3c ./libnxpUSBlib.a(HAL_LPC17xx.o)
 .text.HAL_USBInit
                0x00014400       0x88 ./libnxpUSBlib.a(HAL_LPC17xx.o)
                0x00014400                HAL_USBInit
 .text.HAL_USBDeInit
                0x00014488       0x44 ./libnxpUSBlib.a(HAL_LPC17xx.o)
                0x00014488                HAL_USBDeInit
 .text.HAL_EnableUSBInterrupt
                0x000144cc       0x10 ./libnxpUSBlib.a(HAL_LPC17xx.o)
                0x000144cc                HAL_EnableUSBInterrupt
 .text.HAL_DisableUSBInterrupt
                0x000144dc       0x10 ./libnxpUSBlib.a(HAL_LPC17xx.o)
                0x000144dc                HAL_DisableUSBInterrupt
 .text.HAL_USBConnect
                0x000144ec       0x14 ./libnxpUSBlib.a(HAL_LPC17xx.o)
                0x000144ec                HAL_USBConnect
 .text.USB_IRQHandler
                0x00014500       0x10 ./libnxpUSBlib.a(HAL_LPC17xx.o)
                0x00014500                USB_IRQHandler
 .text          0x00014510        0x0 ./libnxpUSBlib.a(HIDClassHost.o)
 .text.HID_Host_ConfigurePipes
                0x00014510      0x26c ./libnxpUSBlib.a(HIDClassHost.o)
                0x00014510                HID_Host_ConfigurePipes
 .text.DCOMP_HID_Host_NextHIDInterface
                0x0001477c       0x38 ./libnxpUSBlib.a(HIDClassHost.o)
 .text.DCOMP_HID_Host_NextHIDDescriptor
                0x000147b4       0x38 ./libnxpUSBlib.a(HIDClassHost.o)
 .text.DCOMP_HID_Host_NextHIDInterfaceEndpoint
                0x000147ec       0x50 ./libnxpUSBlib.a(HIDClassHost.o)
 .text.HID_Host_ReceiveReportByID
                0x0001483c       0x94 ./libnxpUSBlib.a(HIDClassHost.o)
                0x0001483c                HID_Host_ReceiveReportByID
 .text.HID_Host_ReceiveReport
                0x000148d0      0x224 ./libnxpUSBlib.a(HIDClassHost.o)
                0x000148d0                HID_Host_ReceiveReport
 .text.HID_Host_SendReportByID
                0x00014af4      0x1cc ./libnxpUSBlib.a(HIDClassHost.o)
                0x00014af4                HID_Host_SendReportByID
 .text.HID_Host_IsReportReceived
                0x00014cc0       0x54 ./libnxpUSBlib.a(HIDClassHost.o)
                0x00014cc0                HID_Host_IsReportReceived
 .text.HID_Host_SetBootProtocol
                0x00014d14       0xb4 ./libnxpUSBlib.a(HIDClassHost.o)
                0x00014d14                HID_Host_SetBootProtocol
 .text.HID_Host_SetIdlePeriod
                0x00014dc8       0x88 ./libnxpUSBlib.a(HIDClassHost.o)
                0x00014dc8                HID_Host_SetIdlePeriod
 .text.HID_Host_SetReportProtocol
                0x00014e50      0x1d0 ./libnxpUSBlib.a(HIDClassHost.o)
                0x00014e50                HID_Host_SetReportProtocol
 .text          0x00015020        0x0 ./libnxpUSBlib.a(HIDParser.o)
 .text.USB_ProcessHIDReport
                0x00015020      0x934 ./libnxpUSBlib.a(HIDParser.o)
                0x00015020                USB_ProcessHIDReport
 .text.USB_GetHIDReportItemInfo
                0x00015954       0xc4 ./libnxpUSBlib.a(HIDParser.o)
                0x00015954                USB_GetHIDReportItemInfo
 .text.USB_SetHIDReportItemInfo
                0x00015a18       0xb0 ./libnxpUSBlib.a(HIDParser.o)
                0x00015a18                USB_SetHIDReportItemInfo
 .text.USB_GetHIDReportSize
                0x00015ac8       0x88 ./libnxpUSBlib.a(HIDParser.o)
                0x00015ac8                USB_GetHIDReportSize
 .text          0x00015b50        0x0 ./libnxpUSBlib.a(USBMemory.o)
 .text.USB_Memory_Init
                0x00015b50       0x54 ./libnxpUSBlib.a(USBMemory.o)
                0x00015b50                USB_Memory_Init
 .text.USB_Memory_Alloc
                0x00015ba4      0x144 ./libnxpUSBlib.a(USBMemory.o)
                0x00015ba4                USB_Memory_Alloc
 .text.USB_Memory_Free
                0x00015ce8      0x174 ./libnxpUSBlib.a(USBMemory.o)
                0x00015ce8                USB_Memory_Free
 .text          0x00015e5c        0x0 /usr/sourcery-g++-lite-arm-eabi-2010.09.51-i686-1/bin/../lib/gcc/arm-none-eabi/4.5.1/thumb2/crtend.o
 .text          0x00015e5c        0x0 /usr/sourcery-g++-lite-arm-eabi-2010.09.51-i686-1/bin/../lib/gcc/arm-none-eabi/4.5.1/thumb2/crtn.o
 *(.plt)
 *(.gnu.warning)
 *(.glue_7t)
 .glue_7t       0x00000000        0x0 linker stubs
 *(.glue_7)
 .glue_7        0x00000000        0x0 linker stubs
 *(.vfp11_veneer)
 .vfp11_veneer  0x00000000        0x0 linker stubs
 *(.rodata .rodata.* .gnu.linkonce.r.*)
 .rodata        0x00015e5c       0x84 main.o
 .rodata        0x00015ee0       0x24 debug.o
 .rodata        0x00015f04        0xc lcd.o
 .rodata        0x00015f10       0xa8 delay.o
 .rodata        0x00015fb8       0x6c utilities.o
 .rodata        0x00016024       0x90 mouse.o
 .rodata        0x000160b4      0x10c advanced_movement.o
 .rodata        0x000161c0      0x104 /usr/sourcery-g++-lite-arm-eabi-2010.09.51-i686-1/arm-none-eabi/lib/thumb2/libc.a(lib_a-ctype_.o)
                0x000161c0                _ctype_
 .rodata        0x000162c4        0x4 /usr/sourcery-g++-lite-arm-eabi-2010.09.51-i686-1/arm-none-eabi/lib/thumb2/libc.a(lib_a-impure.o)
                0x000162c4                _global_impure_ptr
 .rodata.str1.4
                0x000162c8        0x2 /usr/sourcery-g++-lite-arm-eabi-2010.09.51-i686-1/arm-none-eabi/lib/thumb2/libc.a(lib_a-impure.o)
                                  0x4 (size before relaxing)
 *fill*         0x000162ca        0x2 00
 .rodata        0x000162cc       0x20 /usr/sourcery-g++-lite-arm-eabi-2010.09.51-i686-1/arm-none-eabi/lib/thumb2/libc.a(lib_a-svfprintf.o)
 .rodata.str1.4
                0x000162ec       0x42 /usr/sourcery-g++-lite-arm-eabi-2010.09.51-i686-1/arm-none-eabi/lib/thumb2/libc.a(lib_a-svfprintf.o)
                                 0x44 (size before relaxing)
 *fill*         0x0001632e        0x2 00
 .rodata.str1.4
                0x00016330       0x10 /usr/sourcery-g++-lite-arm-eabi-2010.09.51-i686-1/arm-none-eabi/lib/thumb2/libc.a(lib_a-dtoa.o)
                                 0x14 (size before relaxing)
 .rodata.str1.4
                0x00016340        0xa /usr/sourcery-g++-lite-arm-eabi-2010.09.51-i686-1/arm-none-eabi/lib/thumb2/libc.a(lib_a-locale.o)
                                 0x14 (size before relaxing)
 *fill*         0x0001634a        0x6 00
 .rodata        0x00016350      0x128 /usr/sourcery-g++-lite-arm-eabi-2010.09.51-i686-1/arm-none-eabi/lib/thumb2/libc.a(lib_a-mprec.o)
                0x00016360                __mprec_tens
                0x00016428                __mprec_bigtens
                0x00016450                __mprec_tinytens
 .rodata        0x00016478       0x20 /usr/sourcery-g++-lite-arm-eabi-2010.09.51-i686-1/arm-none-eabi/lib/thumb2/libc.a(lib_a-svfiprintf.o)
 .rodata.str1.4
                0x00000000       0x30 /usr/sourcery-g++-lite-arm-eabi-2010.09.51-i686-1/arm-none-eabi/lib/thumb2/libc.a(lib_a-svfiprintf.o)
 .rodata.str1.4
                0x00016498        0x8 /usr/sourcery-g++-lite-arm-eabi-2010.09.51-i686-1/arm-none-eabi/lib/thumb2/libm.a(lib_a-w_sqrt.o)
 .rodata        0x000164a0      0x188 /usr/sourcery-g++-lite-arm-eabi-2010.09.51-i686-1/arm-none-eabi/lib/thumb2/libm.a(lib_a-e_rem_pio2.o)
 .rodata        0x00016628       0x50 /usr/sourcery-g++-lite-arm-eabi-2010.09.51-i686-1/arm-none-eabi/lib/thumb2/libm.a(lib_a-k_rem_pio2.o)
 .rodata        0x00016678       0x40 /usr/sourcery-g++-lite-arm-eabi-2010.09.51-i686-1/arm-none-eabi/lib/thumb2/libm.a(lib_a-s_atan.o)
 .rodata        0x000166b8        0x8 /usr/lpc1700-cmsis-lite-2011.01.26-i686-1/lib/libDriversLPC17xxgnu.a(debug_frmwrk.o)
 .rodata        0x000166c0       0x10 /usr/lpc1700-cmsis-lite-2011.01.26-i686-1/lib/libDriversLPC17xxgnu.a(lpc17xx_adc.o)
 .rodata        0x000166d0       0x10 /usr/lpc1700-cmsis-lite-2011.01.26-i686-1/lib/libDriversLPC17xxgnu.a(lpc17xx_rit.o)
 .rodata        0x000166e0       0x10 /usr/lpc1700-cmsis-lite-2011.01.26-i686-1/lib/libDriversLPC17xxgnu.a(lpc17xx_timer.o)
 .rodata        0x000166f0       0x10 /usr/lpc1700-cmsis-lite-2011.01.26-i686-1/lib/libDriversLPC17xxgnu.a(lpc17xx_uart.o)
 .rodata        0x00016700        0x8 ./libnxpUSBlib.a(HostStandardReq.o)
 .rodata        0x00016708       0x10 ./libnxpUSBlib.a(Host_LPC.o)
 *(.ARM.extab* .gnu.linkonce.armextab.*)
 .ARM.extab.cs3.reset
                0x00016718        0x0 /usr/lpc1700-cmsis-lite-2011.01.26-i686-1/lib/startup_LPC17xx.o
 .ARM.extab     0x00016718        0x0 /usr/sourcery-g++-lite-arm-eabi-2010.09.51-i686-1/bin/../lib/gcc/arm-none-eabi/4.5.1/thumb2/libgcc.a(_divdi3.o)
 .ARM.extab     0x00016718        0x0 /usr/sourcery-g++-lite-arm-eabi-2010.09.51-i686-1/bin/../lib/gcc/arm-none-eabi/4.5.1/thumb2/libgcc.a(_udivdi3.o)
 *(.gcc_except_table)
 *(.eh_frame_hdr)
 *(.eh_frame)
                0x00016718                . = ALIGN (0x4)
 *(.init)
 .init          0x00016718        0x4 /usr/sourcery-g++-lite-arm-eabi-2010.09.51-i686-1/bin/../lib/gcc/arm-none-eabi/4.5.1/thumb2/crti.o
                0x00016718                _init
 .init          0x0001671c        0x8 /usr/sourcery-g++-lite-arm-eabi-2010.09.51-i686-1/bin/../lib/gcc/arm-none-eabi/4.5.1/thumb2/crtn.o
                0x00016724                . = ALIGN (0x4)
                0x00016724                __preinit_array_start = .
 *(.preinit_array)
                0x00016724                __preinit_array_end = .
                0x00016724                . = ALIGN (0x4)
                0x00016724                __init_array_start = .
 *(SORT(.init_array.*))
 *(.init_array)
 .init_array    0x00016724        0x4 /usr/sourcery-g++-lite-arm-eabi-2010.09.51-i686-1/bin/../lib/gcc/arm-none-eabi/4.5.1/thumb2/crtbegin.o
                0x00016728                __init_array_end = .
                0x00016728                . = ALIGN (0x4)
 *crtbegin.o(.ctors)
 *(EXCLUDE_FILE(*crtend.o) .ctors)
 *(SORT(.ctors.*))
 *crtend.o(.ctors)
                0x00016728                . = ALIGN (0x4)
 *(.fini)
 .fini          0x00016728        0x4 /usr/sourcery-g++-lite-arm-eabi-2010.09.51-i686-1/bin/../lib/gcc/arm-none-eabi/4.5.1/thumb2/crti.o
                0x00016728                _fini
 .fini          0x0001672c        0x8 /usr/sourcery-g++-lite-arm-eabi-2010.09.51-i686-1/bin/../lib/gcc/arm-none-eabi/4.5.1/thumb2/crtn.o
                0x00016734                . = ALIGN (0x4)
                0x00016734                __fini_array_start = .
 *(.fini_array)
 .fini_array    0x00016734        0x4 /usr/sourcery-g++-lite-arm-eabi-2010.09.51-i686-1/bin/../lib/gcc/arm-none-eabi/4.5.1/thumb2/crtbegin.o
 *(SORT(.fini_array.*))
                0x00016738                __fini_array_end = .
 *crtbegin.o(.dtors)
 *(EXCLUDE_FILE(*crtend.o) .dtors)
 *(SORT(.dtors.*))
 *crtend.o(.dtors)
                0x00016738                . = ALIGN (0x4)
                0x00016738                __cs3_regions = .
                0x00016738        0x4 LONG 0x0
                0x0001673c        0x4 LONG 0x16758 __cs3_region_init_ram
                0x00016740        0x4 LONG 0x10000000 __cs3_region_start_ram
                0x00016744        0x4 LONG 0x1300 __cs3_region_init_size_ram